Archive member included to satisfy reference by file (symbol)

c:/st/stm32cubeide_1.4.0/stm32cubeide/plugins/com.st.stm32cube.ide.mcu.externaltools.gnu-tools-for-stm32.7-2018-q2-update.win32_1.4.0.202007081208/tools/bin/../lib/gcc/arm-none-eabi/7.3.1/../../../../arm-none-eabi/lib/thumb/v6-m\libc_nano.a(lib_a-errno.o)
                              Core/Src/syscalls.o (__errno)
c:/st/stm32cubeide_1.4.0/stm32cubeide/plugins/com.st.stm32cube.ide.mcu.externaltools.gnu-tools-for-stm32.7-2018-q2-update.win32_1.4.0.202007081208/tools/bin/../lib/gcc/arm-none-eabi/7.3.1/../../../../arm-none-eabi/lib/thumb/v6-m\libc_nano.a(lib_a-exit.o)
                              c:/st/stm32cubeide_1.4.0/stm32cubeide/plugins/com.st.stm32cube.ide.mcu.externaltools.gnu-tools-for-stm32.7-2018-q2-update.win32_1.4.0.202007081208/tools/bin/../lib/gcc/arm-none-eabi/7.3.1/../../../../arm-none-eabi/lib/thumb/v6-m/crt0.o (exit)
c:/st/stm32cubeide_1.4.0/stm32cubeide/plugins/com.st.stm32cube.ide.mcu.externaltools.gnu-tools-for-stm32.7-2018-q2-update.win32_1.4.0.202007081208/tools/bin/../lib/gcc/arm-none-eabi/7.3.1/../../../../arm-none-eabi/lib/thumb/v6-m\libc_nano.a(lib_a-impure.o)
                              c:/st/stm32cubeide_1.4.0/stm32cubeide/plugins/com.st.stm32cube.ide.mcu.externaltools.gnu-tools-for-stm32.7-2018-q2-update.win32_1.4.0.202007081208/tools/bin/../lib/gcc/arm-none-eabi/7.3.1/../../../../arm-none-eabi/lib/thumb/v6-m\libc_nano.a(lib_a-exit.o) (_global_impure_ptr)
c:/st/stm32cubeide_1.4.0/stm32cubeide/plugins/com.st.stm32cube.ide.mcu.externaltools.gnu-tools-for-stm32.7-2018-q2-update.win32_1.4.0.202007081208/tools/bin/../lib/gcc/arm-none-eabi/7.3.1/../../../../arm-none-eabi/lib/thumb/v6-m\libc_nano.a(lib_a-init.o)
                              c:/st/stm32cubeide_1.4.0/stm32cubeide/plugins/com.st.stm32cube.ide.mcu.externaltools.gnu-tools-for-stm32.7-2018-q2-update.win32_1.4.0.202007081208/tools/bin/../lib/gcc/arm-none-eabi/7.3.1/../../../../arm-none-eabi/lib/thumb/v6-m/crt0.o (__libc_init_array)
c:/st/stm32cubeide_1.4.0/stm32cubeide/plugins/com.st.stm32cube.ide.mcu.externaltools.gnu-tools-for-stm32.7-2018-q2-update.win32_1.4.0.202007081208/tools/bin/../lib/gcc/arm-none-eabi/7.3.1/../../../../arm-none-eabi/lib/thumb/v6-m\libc_nano.a(lib_a-memcpy-stub.o)
                              Core/Src/ssd1306.o (memcpy)
c:/st/stm32cubeide_1.4.0/stm32cubeide/plugins/com.st.stm32cube.ide.mcu.externaltools.gnu-tools-for-stm32.7-2018-q2-update.win32_1.4.0.202007081208/tools/bin/../lib/gcc/arm-none-eabi/7.3.1/../../../../arm-none-eabi/lib/thumb/v6-m\libc_nano.a(lib_a-memset.o)
                              c:/st/stm32cubeide_1.4.0/stm32cubeide/plugins/com.st.stm32cube.ide.mcu.externaltools.gnu-tools-for-stm32.7-2018-q2-update.win32_1.4.0.202007081208/tools/bin/../lib/gcc/arm-none-eabi/7.3.1/../../../../arm-none-eabi/lib/thumb/v6-m/crt0.o (memset)
c:/st/stm32cubeide_1.4.0/stm32cubeide/plugins/com.st.stm32cube.ide.mcu.externaltools.gnu-tools-for-stm32.7-2018-q2-update.win32_1.4.0.202007081208/tools/bin/../lib/gcc/arm-none-eabi/7.3.1/../../../../arm-none-eabi/lib/thumb/v6-m\libc_nano.a(lib_a-sprintf.o)
                              Core/Src/main.o (sprintf)
c:/st/stm32cubeide_1.4.0/stm32cubeide/plugins/com.st.stm32cube.ide.mcu.externaltools.gnu-tools-for-stm32.7-2018-q2-update.win32_1.4.0.202007081208/tools/bin/../lib/gcc/arm-none-eabi/7.3.1/../../../../arm-none-eabi/lib/thumb/v6-m\libc_nano.a(lib_a-strlen.o)
                              Core/Src/main.o (strlen)
c:/st/stm32cubeide_1.4.0/stm32cubeide/plugins/com.st.stm32cube.ide.mcu.externaltools.gnu-tools-for-stm32.7-2018-q2-update.win32_1.4.0.202007081208/tools/bin/../lib/gcc/arm-none-eabi/7.3.1/../../../../arm-none-eabi/lib/thumb/v6-m\libc_nano.a(lib_a-nano-svfprintf.o)
                              c:/st/stm32cubeide_1.4.0/stm32cubeide/plugins/com.st.stm32cube.ide.mcu.externaltools.gnu-tools-for-stm32.7-2018-q2-update.win32_1.4.0.202007081208/tools/bin/../lib/gcc/arm-none-eabi/7.3.1/../../../../arm-none-eabi/lib/thumb/v6-m\libc_nano.a(lib_a-sprintf.o) (_svfprintf_r)
c:/st/stm32cubeide_1.4.0/stm32cubeide/plugins/com.st.stm32cube.ide.mcu.externaltools.gnu-tools-for-stm32.7-2018-q2-update.win32_1.4.0.202007081208/tools/bin/../lib/gcc/arm-none-eabi/7.3.1/../../../../arm-none-eabi/lib/thumb/v6-m\libc_nano.a(lib_a-nano-vfprintf_i.o)
                              c:/st/stm32cubeide_1.4.0/stm32cubeide/plugins/com.st.stm32cube.ide.mcu.externaltools.gnu-tools-for-stm32.7-2018-q2-update.win32_1.4.0.202007081208/tools/bin/../lib/gcc/arm-none-eabi/7.3.1/../../../../arm-none-eabi/lib/thumb/v6-m\libc_nano.a(lib_a-nano-svfprintf.o) (_printf_i)
c:/st/stm32cubeide_1.4.0/stm32cubeide/plugins/com.st.stm32cube.ide.mcu.externaltools.gnu-tools-for-stm32.7-2018-q2-update.win32_1.4.0.202007081208/tools/bin/../lib/gcc/arm-none-eabi/7.3.1/../../../../arm-none-eabi/lib/thumb/v6-m\libc_nano.a(lib_a-memchr-stub.o)
[...]
Memory Configuration

Name             Origin             Length             Attributes
RAM              0x0000000020000000 0x0000000000001000 xrw
FLASH            0x0000000008000000 0x0000000000008000 xr
*default*        0x0000000000000000 0xffffffffffffffff

Linker script and memory map

LOAD c:/st/stm32cubeide_1.4.0/stm32cubeide/plugins/com.st.stm32cube.ide.mcu.externaltools.gnu-tools-for-stm32.7-2018-q2-update.win32_1.4.0.202007081208/tools/bin/../lib/gcc/arm-none-eabi/7.3.1/thumb/v6-m/crti.o
LOAD c:/st/stm32cubeide_1.4.0/stm32cubeide/plugins/com.st.stm32cube.ide.mcu.externaltools.gnu-tools-for-stm32.7-2018-q2-update.win32_1.4.0.202007081208/tools/bin/../lib/gcc/arm-none-eabi/7.3.1/thumb/v6-m/crtbegin.o
LOAD c:/st/stm32cubeide_1.4.0/stm32cubeide/plugins/com.st.stm32cube.ide.mcu.externaltools.gnu-tools-for-stm32.7-2018-q2-update.win32_1.4.0.202007081208/tools/bin/../lib/gcc/arm-none-eabi/7.3.1/../../../../arm-none-eabi/lib/thumb/v6-m/crt0.o
LOAD Core/Src/main.o
LOAD Core/Src/ssd1306.o
LOAD Core/Src/ssd1306_fonts.o
LOAD Core/Src/stm32f0xx_hal_msp.o
LOAD Core/Src/stm32f0xx_it.o
LOAD Core/Src/syscalls.o
LOAD Core/Src/sysmem.o
LOAD Core/Src/system_stm32f0xx.o
LOAD Core/Startup/startup_stm32f031k6tx.o
LOAD Drivers/STM32F0xx_HAL_Driver/Src/stm32f0xx_hal.o
LOAD Drivers/STM32F0xx_HAL_Driver/Src/stm32f0xx_hal_cortex.o
LOAD Drivers/STM32F0xx_HAL_Driver/Src/stm32f0xx_hal_dma.o
LOAD Drivers/STM32F0xx_HAL_Driver/Src/stm32f0xx_hal_exti.o
LOAD Drivers/STM32F0xx_HAL_Driver/Src/stm32f0xx_hal_flash.o
LOAD Drivers/STM32F0xx_HAL_Driver/Src/stm32f0xx_hal_flash_ex.o
LOAD Drivers/STM32F0xx_HAL_Driver/Src/stm32f0xx_hal_gpio.o
LOAD Drivers/STM32F0xx_HAL_Driver/Src/stm32f0xx_hal_i2c.o
LOAD Drivers/STM32F0xx_HAL_Driver/Src/stm32f0xx_hal_i2c_ex.o
LOAD Drivers/STM32F0xx_HAL_Driver/Src/stm32f0xx_hal_pwr.o
LOAD Drivers/STM32F0xx_HAL_Driver/Src/stm32f0xx_hal_pwr_ex.o
LOAD Drivers/STM32F0xx_HAL_Driver/Src/stm32f0xx_hal_rcc.o
LOAD Drivers/STM32F0xx_HAL_Driver/Src/stm32f0xx_hal_rcc_ex.o
LOAD Drivers/STM32F0xx_HAL_Driver/Src/stm32f0xx_hal_tim.o
LOAD Drivers/STM32F0xx_HAL_Driver/Src/stm32f0xx_hal_tim_ex.o
LOAD Drivers/STM32F0xx_HAL_Driver/Src/stm32f0xx_hal_uart.o
LOAD Drivers/STM32F0xx_HAL_Driver/Src/stm32f0xx_hal_uart_ex.o
START GROUP
LOAD c:/st/stm32cubeide_1.4.0/stm32cubeide/plugins/com.st.stm32cube.ide.mcu.externaltools.gnu-tools-for-stm32.7-2018-q2-update.win32_1.4.0.202007081208/tools/bin/../lib/gcc/arm-none-eabi/7.3.1/../../../../arm-none-eabi/lib/thumb/v6-m\libc_nano.a
LOAD c:/st/stm32cubeide_1.4.0/stm32cubeide/plugins/com.st.stm32cube.ide.mcu.externaltools.gnu-tools-for-stm32.7-2018-q2-update.win32_1.4.0.202007081208/tools/bin/../lib/gcc/arm-none-eabi/7.3.1/../../../../arm-none-eabi/lib/thumb/v6-m\libm.a
END GROUP
START GROUP
LOAD c:/st/stm32cubeide_1.4.0/stm32cubeide/plugins/com.st.stm32cube.ide.mcu.externaltools.gnu-tools-for-stm32.7-2018-q2-update.win32_1.4.0.202007081208/tools/bin/../lib/gcc/arm-none-eabi/7.3.1/thumb/v6-m\libgcc.a
LOAD c:/st/stm32cubeide_1.4.0/stm32cubeide/plugins/com.st.stm32cube.ide.mcu.externaltools.gnu-tools-for-stm32.7-2018-q2-update.win32_1.4.0.202007081208/tools/bin/../lib/gcc/arm-none-eabi/7.3.1/../../../../arm-none-eabi/lib/thumb/v6-m\libc_nano.a
END GROUP
START GROUP
LOAD c:/st/stm32cubeide_1.4.0/stm32cubeide/plugins/com.st.stm32cube.ide.mcu.externaltools.gnu-tools-for-stm32.7-2018-q2-update.win32_1.4.0.202007081208/tools/bin/../lib/gcc/arm-none-eabi/7.3.1/thumb/v6-m\libgcc.a
LOAD c:/st/stm32cubeide_1.4.0/stm32cubeide/plugins/com.st.stm32cube.ide.mcu.externaltools.gnu-tools-for-stm32.7-2018-q2-update.win32_1.4.0.202007081208/tools/bin/../lib/gcc/arm-none-eabi/7.3.1/../../../../arm-none-eabi/lib/thumb/v6-m\libc_nano.a
LOAD c:/st/stm32cubeide_1.4.0/stm32cubeide/plugins/com.st.stm32cube.ide.mcu.externaltools.gnu-tools-for-stm32.7-2018-q2-update.win32_1.4.0.202007081208/tools/bin/../lib/gcc/arm-none-eabi/7.3.1/../../../../arm-none-eabi/lib/thumb/v6-m\libnosys.a
END GROUP
START GROUP
LOAD c:/st/stm32cubeide_1.4.0/stm32cubeide/plugins/com.st.stm32cube.ide.mcu.externaltools.gnu-tools-for-stm32.7-2018-q2-update.win32_1.4.0.202007081208/tools/bin/../lib/gcc/arm-none-eabi/7.3.1/thumb/v6-m\libgcc.a
LOAD c:/st/stm32cubeide_1.4.0/stm32cubeide/plugins/com.st.stm32cube.ide.mcu.externaltools.gnu-tools-for-stm32.7-2018-q2-update.win32_1.4.0.202007081208/tools/bin/../lib/gcc/arm-none-eabi/7.3.1/../../../../arm-none-eabi/lib/thumb/v6-m\libc_nano.a
LOAD c:/st/stm32cubeide_1.4.0/stm32cubeide/plugins/com.st.stm32cube.ide.mcu.externaltools.gnu-tools-for-stm32.7-2018-q2-update.win32_1.4.0.202007081208/tools/bin/../lib/gcc/arm-none-eabi/7.3.1/../../../../arm-none-eabi/lib/thumb/v6-m\libnosys.a
END GROUP
LOAD c:/st/stm32cubeide_1.4.0/stm32cubeide/plugins/com.st.stm32cube.ide.mcu.externaltools.gnu-tools-for-stm32.7-2018-q2-update.win32_1.4.0.202007081208/tools/bin/../lib/gcc/arm-none-eabi/7.3.1/thumb/v6-m/crtend.o
LOAD c:/st/stm32cubeide_1.4.0/stm32cubeide/plugins/com.st.stm32cube.ide.mcu.externaltools.gnu-tools-for-stm32.7-2018-q2-update.win32_1.4.0.202007081208/tools/bin/../lib/gcc/arm-none-eabi/7.3.1/thumb/v6-m/crtn.o
                0x0000000020001000                _estack = (ORIGIN (RAM) + LENGTH (RAM))
                0x0000000000000200                _Min_Heap_Size = 0x200
                0x0000000000000400                _Min_Stack_Size = 0x400

.isr_vector     0x0000000008000000       0xc0
                0x0000000008000000                . = ALIGN (0x4)
 *(.isr_vector)
 .isr_vector    0x0000000008000000       0xc0 Core/Startup/startup_stm32f031k6tx.o
                0x0000000008000000                g_pfnVectors
                0x00000000080000c0                . = ALIGN (0x4)

.text           0x00000000080000c0     0x5dd0
                0x00000000080000c0                . = ALIGN (0x4)
 *(.text)
 .text          0x00000000080000c0       0x48 c:/st/stm32cubeide_1.4.0/stm32cubeide/plugins/com.st.stm32cube.ide.mcu.externaltools.gnu-tools-for-stm32.7-2018-q2-update.win32_1.4.0.202007081208/tools/bin/../lib/gcc/arm-none-eabi/7.3.1/thumb/v6-m/crtbegin.o
 .text          0x0000000008000108      0x114 c:/st/stm32cubeide_1.4.0/stm32cubeide/plugins/com.st.stm32cube.ide.mcu.externaltools.gnu-tools-for-stm32.7-2018-q2-update.win32_1.4.0.202007081208/tools/bin/../lib/gcc/arm-none-eabi/7.3.1/thumb/v6-m\libgcc.a(_udivsi3.o)
                0x0000000008000108                __aeabi_uidiv
                0x0000000008000108                __udivsi3
                0x0000000008000214                __aeabi_uidivmod
 .text          0x000000000800021c      0x1d4 c:/st/stm32cubeide_1.4.0/stm32cubeide/plugins/com.st.stm32cube.ide.mcu.externaltools.gnu-tools-for-stm32.7-2018-q2-update.win32_1.4.0.202007081208/tools/bin/../lib/gcc/arm-none-eabi/7.3.1/thumb/v6-m\libgcc.a(_divsi3.o)
                0x000000000800021c                __divsi3
                0x000000000800021c                __aeabi_idiv
                0x00000000080003e8                __aeabi_idivmod
 .text          0x00000000080003f0        0x4 c:/st/stm32cubeide_1.4.0/stm32cubeide/plugins/com.st.stm32cube.ide.mcu.externaltools.gnu-tools-for-stm32.7-2018-q2-update.win32_1.4.0.202007081208/tools/bin/../lib/gcc/arm-none-eabi/7.3.1/thumb/v6-m\libgcc.a(_dvmd_tls.o)
                0x00000000080003f0                __aeabi_idiv0
                0x00000000080003f0                __aeabi_ldiv0
 *(.text*)
 .text.printData_LCD
                0x00000000080003f4       0xe4 Core/Src/main.o
                0x00000000080003f4                printData_LCD
 .text.main     0x00000000080004d8      0x1a0 Core/Src/main.o
                0x00000000080004d8                main
 .text.SystemClock_Config
                0x0000000008000678       0xc8 Core/Src/main.o
                0x0000000008000678                SystemClock_Config
 .text.MX_NVIC_Init
                0x0000000008000740       0x6a Core/Src/main.o
 *fill*         0x00000000080007aa        0x2 
 .text.MX_I2C1_Init
                0x00000000080007ac       0x90 Core/Src/main.o
 .text.MX_TIM1_Init
                0x000000000800083c      0x164 Core/Src/main.o
 .text.MX_TIM2_Init
                0x00000000080009a0       0xc4 Core/Src/main.o
 .text.MX_TIM3_Init
                0x0000000008000a64       0xb4 Core/Src/main.o
 .text.MX_TIM14_Init
                0x0000000008000b18       0xa4 Core/Src/main.o
 .text.MX_TIM16_Init
                0x0000000008000bbc       0x54 Core/Src/main.o
 .text.MX_TIM17_Init
                0x0000000008000c10       0x54 Core/Src/main.o
 .text.MX_USART1_UART_Init
                0x0000000008000c64       0x60 Core/Src/main.o
 .text.MX_DMA_Init
                0x0000000008000cc4       0x3c Core/Src/main.o
 .text.MX_GPIO_Init
                0x0000000008000d00       0xf0 Core/Src/main.o
 .text.Error_Handler
                0x0000000008000df0        0xa Core/Src/main.o
                0x0000000008000df0                Error_Handler
 .text.ssd1306_Reset
                0x0000000008000dfa        0xa Core/Src/ssd1306.o
                0x0000000008000dfa                ssd1306_Reset
 .text.ssd1306_WriteCommand
                0x0000000008000e04       0x34 Core/Src/ssd1306.o
                0x0000000008000e04                ssd1306_WriteCommand
 .text.ssd1306_WriteData
                0x0000000008000e38       0x34 Core/Src/ssd1306.o
                0x0000000008000e38                ssd1306_WriteData
 .text.ssd1306_Init
                0x0000000008000e6c       0xd8 Core/Src/ssd1306.o
                0x0000000008000e6c                ssd1306_Init
 .text.ssd1306_Fill
                0x0000000008000f44       0x48 Core/Src/ssd1306.o
                0x0000000008000f44                ssd1306_Fill
 .text.ssd1306_UpdateScreen
                0x0000000008000f8c       0x58 Core/Src/ssd1306.o
                0x0000000008000f8c                ssd1306_UpdateScreen
 .text.ssd1306_DrawPixel
                0x0000000008000fe4       0xe0 Core/Src/ssd1306.o
                0x0000000008000fe4                ssd1306_DrawPixel
 .text.ssd1306_WriteChar
                0x00000000080010c4      0x134 Core/Src/ssd1306.o
                0x00000000080010c4                ssd1306_WriteChar
 .text.ssd1306_WriteString
                0x00000000080011f8       0x54 Core/Src/ssd1306.o
                0x00000000080011f8                ssd1306_WriteString
 .text.ssd1306_SetCursor
                0x000000000800124c       0x34 Core/Src/ssd1306.o
                0x000000000800124c                ssd1306_SetCursor
 .text.ssd1306_SetContrast
                0x0000000008001280       0x30 Core/Src/ssd1306.o
                0x0000000008001280                ssd1306_SetContrast
 .text.ssd1306_SetDisplayOn
                0x00000000080012b0       0x4c Core/Src/ssd1306.o
                0x00000000080012b0                ssd1306_SetDisplayOn
 .text.HAL_MspInit
                0x00000000080012fc       0x48 Core/Src/stm32f0xx_hal_msp.o
                0x00000000080012fc                HAL_MspInit
 .text.HAL_I2C_MspInit
                0x0000000008001344       0x9c Core/Src/stm32f0xx_hal_msp.o
                0x0000000008001344                HAL_I2C_MspInit
 .text.HAL_TIM_Base_MspInit
                0x00000000080013e0      0x1ec Core/Src/stm32f0xx_hal_msp.o
                0x00000000080013e0                HAL_TIM_Base_MspInit
 .text.HAL_TIM_Encoder_MspInit
                0x00000000080015cc       0xfc Core/Src/stm32f0xx_hal_msp.o
                0x00000000080015cc                HAL_TIM_Encoder_MspInit
 .text.HAL_TIM_MspPostInit
                0x00000000080016c8       0x7c Core/Src/stm32f0xx_hal_msp.o
                0x00000000080016c8                HAL_TIM_MspPostInit
 .text.HAL_UART_MspInit
                0x0000000008001744       0xac Core/Src/stm32f0xx_hal_msp.o
                0x0000000008001744                HAL_UART_MspInit
 .text.NMI_Handler
                0x00000000080017f0        0xa Core/Src/stm32f0xx_it.o
                0x00000000080017f0                NMI_Handler
 .text.HardFault_Handler
                0x00000000080017fa        0x6 Core/Src/stm32f0xx_it.o
                0x00000000080017fa                HardFault_Handler
 .text.SVC_Handler
                0x0000000008001800        0xa Core/Src/stm32f0xx_it.o
                0x0000000008001800                SVC_Handler
 .text.PendSV_Handler
                0x000000000800180a        0xa Core/Src/stm32f0xx_it.o
                0x000000000800180a                PendSV_Handler
 .text.SysTick_Handler
                0x0000000008001814        0xe Core/Src/stm32f0xx_it.o
                0x0000000008001814                SysTick_Handler
 *fill*         0x0000000008001822        0x2 
 .text.EXTI4_15_IRQHandler
                0x0000000008001824       0x44 Core/Src/stm32f0xx_it.o
                0x0000000008001824                EXTI4_15_IRQHandler
 .text.DMA1_Channel2_3_IRQHandler
                0x0000000008001868       0x24 Core/Src/stm32f0xx_it.o
                0x0000000008001868                DMA1_Channel2_3_IRQHandler
 .text.TIM1_BRK_UP_TRG_COM_IRQHandler
                0x000000000800188c       0x18 Core/Src/stm32f0xx_it.o
                0x000000000800188c                TIM1_BRK_UP_TRG_COM_IRQHandler
 .text.TIM1_CC_IRQHandler
                0x00000000080018a4       0x20 Core/Src/stm32f0xx_it.o
                0x00000000080018a4                TIM1_CC_IRQHandler
 .text.TIM3_IRQHandler
                0x00000000080018c4       0x44 Core/Src/stm32f0xx_it.o
                0x00000000080018c4                TIM3_IRQHandler
 .text.TIM16_IRQHandler
                0x0000000008001908       0x30 Core/Src/stm32f0xx_it.o
                0x0000000008001908                TIM16_IRQHandler
 .text.TIM17_IRQHandler
                0x0000000008001938       0x18 Core/Src/stm32f0xx_it.o
                0x0000000008001938                TIM17_IRQHandler
 .text.USART1_IRQHandler
                0x0000000008001950       0x18 Core/Src/stm32f0xx_it.o
                0x0000000008001950                USART1_IRQHandler
 .text._sbrk    0x0000000008001968       0x48 Core/Src/sysmem.o
                0x0000000008001968                _sbrk
 .text.SystemInit
                0x00000000080019b0        0xa Core/Src/system_stm32f0xx.o
                0x00000000080019b0                SystemInit
 *fill*         0x00000000080019ba        0x2 
 .text.Reset_Handler
                0x00000000080019bc       0x50 Core/Startup/startup_stm32f031k6tx.o
                0x00000000080019bc                Reset_Handler
 .text.Default_Handler
                0x0000000008001a0c        0x2 Core/Startup/startup_stm32f031k6tx.o
                0x0000000008001a0c                PVD_IRQHandler
                0x0000000008001a0c                I2C1_IRQHandler
                0x0000000008001a0c                SPI1_IRQHandler
                0x0000000008001a0c                EXTI2_3_IRQHandler
                0x0000000008001a0c                ADC1_IRQHandler
                0x0000000008001a0c                RTC_IRQHandler
                0x0000000008001a0c                RCC_IRQHandler
                0x0000000008001a0c                DMA1_Channel1_IRQHandler
                0x0000000008001a0c                Default_Handler
                0x0000000008001a0c                TIM14_IRQHandler
                0x0000000008001a0c                DMA1_Channel4_5_IRQHandler
                0x0000000008001a0c                EXTI0_1_IRQHandler
                0x0000000008001a0c                WWDG_IRQHandler
                0x0000000008001a0c                TIM2_IRQHandler
                0x0000000008001a0c                FLASH_IRQHandler
 *fill*         0x0000000008001a0e        0x2 
 .text.HAL_Init
                0x0000000008001a10       0x28 Drivers/STM32F0xx_HAL_Driver/Src/stm32f0xx_hal.o
                0x0000000008001a10                HAL_Init
 .text.HAL_InitTick
                0x0000000008001a38       0x68 Drivers/STM32F0xx_HAL_Driver/Src/stm32f0xx_hal.o
                0x0000000008001a38                HAL_InitTick
 .text.HAL_IncTick
                0x0000000008001aa0       0x24 Drivers/STM32F0xx_HAL_Driver/Src/stm32f0xx_hal.o
                0x0000000008001aa0                HAL_IncTick
 .text.HAL_GetTick
                0x0000000008001ac4       0x14 Drivers/STM32F0xx_HAL_Driver/Src/stm32f0xx_hal.o
                0x0000000008001ac4                HAL_GetTick
 .text.HAL_Delay
                0x0000000008001ad8       0x44 Drivers/STM32F0xx_HAL_Driver/Src/stm32f0xx_hal.o
                0x0000000008001ad8                HAL_Delay
 .text.__NVIC_EnableIRQ
                0x0000000008001b1c       0x34 Drivers/STM32F0xx_HAL_Driver/Src/stm32f0xx_hal_cortex.o
 .text.__NVIC_SetPriority
                0x0000000008001b50       0xdc Drivers/STM32F0xx_HAL_Driver/Src/stm32f0xx_hal_cortex.o
 .text.SysTick_Config
                0x0000000008001c2c       0x48 Drivers/STM32F0xx_HAL_Driver/Src/stm32f0xx_hal_cortex.o
 .text.HAL_NVIC_SetPriority
                0x0000000008001c74       0x2a Drivers/STM32F0xx_HAL_Driver/Src/stm32f0xx_hal_cortex.o
                0x0000000008001c74                HAL_NVIC_SetPriority
 .text.HAL_NVIC_EnableIRQ
                0x0000000008001c9e       0x20 Drivers/STM32F0xx_HAL_Driver/Src/stm32f0xx_hal_cortex.o
                0x0000000008001c9e                HAL_NVIC_EnableIRQ
 .text.HAL_SYSTICK_Config
                0x0000000008001cbe       0x1a Drivers/STM32F0xx_HAL_Driver/Src/stm32f0xx_hal_cortex.o
                0x0000000008001cbe                HAL_SYSTICK_Config
 .text.HAL_DMA_Init
                0x0000000008001cd8       0x90 Drivers/STM32F0xx_HAL_Driver/Src/stm32f0xx_hal_dma.o
                0x0000000008001cd8                HAL_DMA_Init
 .text.HAL_DMA_Abort_IT
                0x0000000008001d68       0x8c Drivers/STM32F0xx_HAL_Driver/Src/stm32f0xx_hal_dma.o
                0x0000000008001d68                HAL_DMA_Abort_IT
 .text.HAL_DMA_IRQHandler
                0x0000000008001df4      0x144 Drivers/STM32F0xx_HAL_Driver/Src/stm32f0xx_hal_dma.o
                0x0000000008001df4                HAL_DMA_IRQHandler
 .text.DMA_CalcBaseAndBitshift
                0x0000000008001f38       0x38 Drivers/STM32F0xx_HAL_Driver/Src/stm32f0xx_hal_dma.o
 .text.HAL_GPIO_Init
                0x0000000008001f70      0x2d0 Drivers/STM32F0xx_HAL_Driver/Src/stm32f0xx_hal_gpio.o
                0x0000000008001f70                HAL_GPIO_Init
 .text.HAL_GPIO_ReadPin
                0x0000000008002240       0x3a Drivers/STM32F0xx_HAL_Driver/Src/stm32f0xx_hal_gpio.o
                0x0000000008002240                HAL_GPIO_ReadPin
 .text.HAL_GPIO_WritePin
                0x000000000800227a       0x3a Drivers/STM32F0xx_HAL_Driver/Src/stm32f0xx_hal_gpio.o
                0x000000000800227a                HAL_GPIO_WritePin
 .text.HAL_GPIO_EXTI_IRQHandler
                0x00000000080022b4       0x38 Drivers/STM32F0xx_HAL_Driver/Src/stm32f0xx_hal_gpio.o
                0x00000000080022b4                HAL_GPIO_EXTI_IRQHandler
 .text.HAL_GPIO_EXTI_Callback
                0x00000000080022ec       0x14 Drivers/STM32F0xx_HAL_Driver/Src/stm32f0xx_hal_gpio.o
                0x00000000080022ec                HAL_GPIO_EXTI_Callback
 .text.HAL_I2C_Init
                0x0000000008002300      0x12c Drivers/STM32F0xx_HAL_Driver/Src/stm32f0xx_hal_i2c.o
                0x0000000008002300                HAL_I2C_Init
 .text.HAL_I2C_Mem_Write
                0x000000000800242c      0x25c Drivers/STM32F0xx_HAL_Driver/Src/stm32f0xx_hal_i2c.o
                0x000000000800242c                HAL_I2C_Mem_Write
 .text.I2C_RequestMemoryWrite
                0x0000000008002688       0xc8 Drivers/STM32F0xx_HAL_Driver/Src/stm32f0xx_hal_i2c.o
 .text.I2C_Flush_TXDR
                0x0000000008002750       0x44 Drivers/STM32F0xx_HAL_Driver/Src/stm32f0xx_hal_i2c.o
 .text.I2C_WaitOnFlagUntilTimeout
                0x0000000008002794       0x7e Drivers/STM32F0xx_HAL_Driver/Src/stm32f0xx_hal_i2c.o
 .text.I2C_WaitOnTXISFlagUntilTimeout
                0x0000000008002812       0x7e Drivers/STM32F0xx_HAL_Driver/Src/stm32f0xx_hal_i2c.o
 .text.I2C_WaitOnSTOPFlagUntilTimeout
                0x0000000008002890       0x78 Drivers/STM32F0xx_HAL_Driver/Src/stm32f0xx_hal_i2c.o
 .text.I2C_IsAcknowledgeFailed
                0x0000000008002908       0xcc Drivers/STM32F0xx_HAL_Driver/Src/stm32f0xx_hal_i2c.o
 .text.I2C_TransferConfig
                0x00000000080029d4       0x6c Drivers/STM32F0xx_HAL_Driver/Src/stm32f0xx_hal_i2c.o
 .text.HAL_I2CEx_ConfigAnalogFilter
                0x0000000008002a40       0x98 Drivers/STM32F0xx_HAL_Driver/Src/stm32f0xx_hal_i2c_ex.o
                0x0000000008002a40                HAL_I2CEx_ConfigAnalogFilter
 .text.HAL_I2CEx_ConfigDigitalFilter
                0x0000000008002ad8       0x98 Drivers/STM32F0xx_HAL_Driver/Src/stm32f0xx_hal_i2c_ex.o
                0x0000000008002ad8                HAL_I2CEx_ConfigDigitalFilter
 .text.HAL_RCC_OscConfig
                0x0000000008002b70      0x638 Drivers/STM32F0xx_HAL_Driver/Src/stm32f0xx_hal_rcc.o
                0x0000000008002b70                HAL_RCC_OscConfig
 .text.HAL_RCC_ClockConfig
                0x00000000080031a8      0x19c Drivers/STM32F0xx_HAL_Driver/Src/stm32f0xx_hal_rcc.o
                0x00000000080031a8                HAL_RCC_ClockConfig
 .text.HAL_RCC_GetSysClockFreq
                0x0000000008003344       0xc8 Drivers/STM32F0xx_HAL_Driver/Src/stm32f0xx_hal_rcc.o
                0x0000000008003344                HAL_RCC_GetSysClockFreq
 .text.HAL_RCC_GetHCLKFreq
                0x000000000800340c       0x14 Drivers/STM32F0xx_HAL_Driver/Src/stm32f0xx_hal_rcc.o
                0x000000000800340c                HAL_RCC_GetHCLKFreq
 .text.HAL_RCC_GetPCLK1Freq
                0x0000000008003420       0x2c Drivers/STM32F0xx_HAL_Driver/Src/stm32f0xx_hal_rcc.o
                0x0000000008003420                HAL_RCC_GetPCLK1Freq
 .text.HAL_RCCEx_PeriphCLKConfig
                0x000000000800344c      0x19c Drivers/STM32F0xx_HAL_Driver/Src/stm32f0xx_hal_rcc_ex.o
                0x000000000800344c                HAL_RCCEx_PeriphCLKConfig
 .text.HAL_TIM_Base_Init
                0x00000000080035e8       0x58 Drivers/STM32F0xx_HAL_Driver/Src/stm32f0xx_hal_tim.o
                0x00000000080035e8                HAL_TIM_Base_Init
 .text.HAL_TIM_Base_Start_IT
                0x0000000008003640       0x44 Drivers/STM32F0xx_HAL_Driver/Src/stm32f0xx_hal_tim.o
                0x0000000008003640                HAL_TIM_Base_Start_IT
 .text.HAL_TIM_PWM_Init
                0x0000000008003684       0x58 Drivers/STM32F0xx_HAL_Driver/Src/stm32f0xx_hal_tim.o
                0x0000000008003684                HAL_TIM_PWM_Init
 .text.HAL_TIM_PWM_MspInit
                0x00000000080036dc       0x10 Drivers/STM32F0xx_HAL_Driver/Src/stm32f0xx_hal_tim.o
                0x00000000080036dc                HAL_TIM_PWM_MspInit
 .text.HAL_TIM_PWM_Start
                0x00000000080036ec       0x8c Drivers/STM32F0xx_HAL_Driver/Src/stm32f0xx_hal_tim.o
                0x00000000080036ec                HAL_TIM_PWM_Start
 .text.HAL_TIM_PWM_Stop
                0x0000000008003778       0xbc Drivers/STM32F0xx_HAL_Driver/Src/stm32f0xx_hal_tim.o
                0x0000000008003778                HAL_TIM_PWM_Stop
 .text.HAL_TIM_IC_Init
                0x0000000008003834       0x58 Drivers/STM32F0xx_HAL_Driver/Src/stm32f0xx_hal_tim.o
                0x0000000008003834                HAL_TIM_IC_Init
 .text.HAL_TIM_IC_MspInit
                0x000000000800388c       0x10 Drivers/STM32F0xx_HAL_Driver/Src/stm32f0xx_hal_tim.o
                0x000000000800388c                HAL_TIM_IC_MspInit
 .text.HAL_TIM_IC_Start_IT
                0x000000000800389c       0xa4 Drivers/STM32F0xx_HAL_Driver/Src/stm32f0xx_hal_tim.o
                0x000000000800389c                HAL_TIM_IC_Start_IT
 .text.HAL_TIM_Encoder_Init
                0x0000000008003940      0x128 Drivers/STM32F0xx_HAL_Driver/Src/stm32f0xx_hal_tim.o
                0x0000000008003940                HAL_TIM_Encoder_Init
 .text.HAL_TIM_Encoder_Start
                0x0000000008003a68       0x6e Drivers/STM32F0xx_HAL_Driver/Src/stm32f0xx_hal_tim.o
                0x0000000008003a68                HAL_TIM_Encoder_Start
 .text.HAL_TIM_IRQHandler
                0x0000000008003ad6      0x22c Drivers/STM32F0xx_HAL_Driver/Src/stm32f0xx_hal_tim.o
                0x0000000008003ad6                HAL_TIM_IRQHandler
 *fill*         0x0000000008003d02        0x2 
 .text.HAL_TIM_IC_ConfigChannel
                0x0000000008003d04      0x13c Drivers/STM32F0xx_HAL_Driver/Src/stm32f0xx_hal_tim.o
                0x0000000008003d04                HAL_TIM_IC_ConfigChannel
 .text.HAL_TIM_PWM_ConfigChannel
                0x0000000008003e40      0x170 Drivers/STM32F0xx_HAL_Driver/Src/stm32f0xx_hal_tim.o
                0x0000000008003e40                HAL_TIM_PWM_ConfigChannel
 .text.HAL_TIM_ConfigClockSource
                0x0000000008003fb0      0x17c Drivers/STM32F0xx_HAL_Driver/Src/stm32f0xx_hal_tim.o
                0x0000000008003fb0                HAL_TIM_ConfigClockSource
 .text.HAL_TIM_SlaveConfigSynchro
                0x000000000800412c       0x8c Drivers/STM32F0xx_HAL_Driver/Src/stm32f0xx_hal_tim.o
                0x000000000800412c                HAL_TIM_SlaveConfigSynchro
 .text.HAL_TIM_PeriodElapsedCallback
                0x00000000080041b8       0x10 Drivers/STM32F0xx_HAL_Driver/Src/stm32f0xx_hal_tim.o
                0x00000000080041b8                HAL_TIM_PeriodElapsedCallback
 .text.HAL_TIM_OC_DelayElapsedCallback
                0x00000000080041c8       0x10 Drivers/STM32F0xx_HAL_Driver/Src/stm32f0xx_hal_tim.o
                0x00000000080041c8                HAL_TIM_OC_DelayElapsedCallback
 .text.HAL_TIM_IC_CaptureCallback
                0x00000000080041d8       0x10 Drivers/STM32F0xx_HAL_Driver/Src/stm32f0xx_hal_tim.o
                0x00000000080041d8                HAL_TIM_IC_CaptureCallback
 .text.HAL_TIM_PWM_PulseFinishedCallback
                0x00000000080041e8       0x10 Drivers/STM32F0xx_HAL_Driver/Src/stm32f0xx_hal_tim.o
                0x00000000080041e8                HAL_TIM_PWM_PulseFinishedCallback
 .text.HAL_TIM_TriggerCallback
                0x00000000080041f8       0x10 Drivers/STM32F0xx_HAL_Driver/Src/stm32f0xx_hal_tim.o
                0x00000000080041f8                HAL_TIM_TriggerCallback
 .text.TIM_Base_SetConfig
                0x0000000008004208       0xec Drivers/STM32F0xx_HAL_Driver/Src/stm32f0xx_hal_tim.o
                0x0000000008004208                TIM_Base_SetConfig
 .text.TIM_OC1_SetConfig
                0x00000000080042f4       0xfc Drivers/STM32F0xx_HAL_Driver/Src/stm32f0xx_hal_tim.o
 .text.TIM_OC2_SetConfig
                0x00000000080043f0       0xfc Drivers/STM32F0xx_HAL_Driver/Src/stm32f0xx_hal_tim.o
                0x00000000080043f0                TIM_OC2_SetConfig
 .text.TIM_OC3_SetConfig
                0x00000000080044ec      0x100 Drivers/STM32F0xx_HAL_Driver/Src/stm32f0xx_hal_tim.o
 .text.TIM_OC4_SetConfig
                0x00000000080045ec       0xc8 Drivers/STM32F0xx_HAL_Driver/Src/stm32f0xx_hal_tim.o
 .text.TIM_SlaveTimer_SetConfig
                0x00000000080046b4      0x108 Drivers/STM32F0xx_HAL_Driver/Src/stm32f0xx_hal_tim.o
 .text.TIM_TI1_SetConfig
                0x00000000080047bc       0xac Drivers/STM32F0xx_HAL_Driver/Src/stm32f0xx_hal_tim.o
                0x00000000080047bc                TIM_TI1_SetConfig
 .text.TIM_TI1_ConfigInputStage
                0x0000000008004868       0x5c Drivers/STM32F0xx_HAL_Driver/Src/stm32f0xx_hal_tim.o
 .text.TIM_TI2_SetConfig
                0x00000000080048c4       0x84 Drivers/STM32F0xx_HAL_Driver/Src/stm32f0xx_hal_tim.o
 .text.TIM_TI2_ConfigInputStage
                0x0000000008004948       0x64 Drivers/STM32F0xx_HAL_Driver/Src/stm32f0xx_hal_tim.o
 .text.TIM_TI3_SetConfig
                0x00000000080049ac       0x80 Drivers/STM32F0xx_HAL_Driver/Src/stm32f0xx_hal_tim.o
 .text.TIM_TI4_SetConfig
                0x0000000008004a2c       0x8c Drivers/STM32F0xx_HAL_Driver/Src/stm32f0xx_hal_tim.o
 .text.TIM_ITRx_SetConfig
                0x0000000008004ab8       0x32 Drivers/STM32F0xx_HAL_Driver/Src/stm32f0xx_hal_tim.o
 *fill*         0x0000000008004aea        0x2 
 .text.TIM_ETR_SetConfig
                0x0000000008004aec       0x40 Drivers/STM32F0xx_HAL_Driver/Src/stm32f0xx_hal_tim.o
                0x0000000008004aec                TIM_ETR_SetConfig
 .text.TIM_CCxChannelCmd
                0x0000000008004b2c       0x46 Drivers/STM32F0xx_HAL_Driver/Src/stm32f0xx_hal_tim.o
                0x0000000008004b2c                TIM_CCxChannelCmd
 *fill*         0x0000000008004b72        0x2 
 .text.HAL_TIMEx_MasterConfigSynchronization
                0x0000000008004b74       0xb0 Drivers/STM32F0xx_HAL_Driver/Src/stm32f0xx_hal_tim_ex.o
                0x0000000008004b74                HAL_TIMEx_MasterConfigSynchronization
 .text.HAL_TIMEx_CommutCallback
                0x0000000008004c24       0x10 Drivers/STM32F0xx_HAL_Driver/Src/stm32f0xx_hal_tim_ex.o
                0x0000000008004c24                HAL_TIMEx_CommutCallback
 .text.HAL_TIMEx_BreakCallback
                0x0000000008004c34       0x10 Drivers/STM32F0xx_HAL_Driver/Src/stm32f0xx_hal_tim_ex.o
                0x0000000008004c34                HAL_TIMEx_BreakCallback
 .text.HAL_UART_Init
                0x0000000008004c44       0xa8 Drivers/STM32F0xx_HAL_Driver/Src/stm32f0xx_hal_uart.o
                0x0000000008004c44                HAL_UART_Init
 .text.HAL_UART_IRQHandler
                0x0000000008004cec      0x278 Drivers/STM32F0xx_HAL_Driver/Src/stm32f0xx_hal_uart.o
                0x0000000008004cec                HAL_UART_IRQHandler
 .text.HAL_UART_TxCpltCallback
                0x0000000008004f64       0x10 Drivers/STM32F0xx_HAL_Driver/Src/stm32f0xx_hal_uart.o
                0x0000000008004f64                HAL_UART_TxCpltCallback
 .text.HAL_UART_ErrorCallback
                0x0000000008004f74       0x10 Drivers/STM32F0xx_HAL_Driver/Src/stm32f0xx_hal_uart.o
                0x0000000008004f74                HAL_UART_ErrorCallback
 .text.UART_SetConfig
                0x0000000008004f84      0x2dc Drivers/STM32F0xx_HAL_Driver/Src/stm32f0xx_hal_uart.o
                0x0000000008004f84                UART_SetConfig
 .text.UART_AdvFeatureConfig
                0x0000000008005260      0x168 Drivers/STM32F0xx_HAL_Driver/Src/stm32f0xx_hal_uart.o
                0x0000000008005260                UART_AdvFeatureConfig
 .text.UART_CheckIdleState
                0x00000000080053c8       0x8c Drivers/STM32F0xx_HAL_Driver/Src/stm32f0xx_hal_uart.o
                0x00000000080053c8                UART_CheckIdleState
 .text.UART_WaitOnFlagUntilTimeout
                0x0000000008005454       0xfc Drivers/STM32F0xx_HAL_Driver/Src/stm32f0xx_hal_uart.o
                0x0000000008005454                UART_WaitOnFlagUntilTimeout
 .text.UART_EndRxTransfer
                0x0000000008005550       0x40 Drivers/STM32F0xx_HAL_Driver/Src/stm32f0xx_hal_uart.o
 .text.UART_DMAAbortOnError
                0x0000000008005590       0x2e Drivers/STM32F0xx_HAL_Driver/Src/stm32f0xx_hal_uart.o
 .text.UART_EndTransmit_IT
                0x00000000080055be       0x34 Drivers/STM32F0xx_HAL_Driver/Src/stm32f0xx_hal_uart.o
 .text.HAL_UARTEx_WakeupCallback
                0x00000000080055f2       0x10 Drivers/STM32F0xx_HAL_Driver/Src/stm32f0xx_hal_uart_ex.o
                0x00000000080055f2                HAL_UARTEx_WakeupCallback
 *fill*         0x0000000008005602        0x2 
 .text.__errno  0x0000000008005604        0xc c:/st/stm32cubeide_1.4.0/stm32cubeide/plugins/com.st.stm32cube.ide.mcu.externaltools.gnu-tools-for-stm32.7-2018-q2-update.win32_1.4.0.202007081208/tools/bin/../lib/gcc/arm-none-eabi/7.3.1/../../../../arm-none-eabi/lib/thumb/v6-m\libc_nano.a(lib_a-errno.o)
                0x0000000008005604                __errno
 .text.__libc_init_array
                0x0000000008005610       0x48 c:/st/stm32cubeide_1.4.0/stm32cubeide/plugins/com.st.stm32cube.ide.mcu.externaltools.gnu-tools-for-stm32.7-2018-q2-update.win32_1.4.0.202007081208/tools/bin/../lib/gcc/arm-none-eabi/7.3.1/../../../../arm-none-eabi/lib/thumb/v6-m\libc_nano.a(lib_a-init.o)
                0x0000000008005610                __libc_init_array
 .text.memcpy   0x0000000008005658       0x12 c:/st/stm32cubeide_1.4.0/stm32cubeide/plugins/com.st.stm32cube.ide.mcu.externaltools.gnu-tools-for-stm32.7-2018-q2-update.win32_1.4.0.202007081208/tools/bin/../lib/gcc/arm-none-eabi/7.3.1/../../../../arm-none-eabi/lib/thumb/v6-m\libc_nano.a(lib_a-memcpy-stub.o)
                0x0000000008005658                memcpy
 .text.memset   0x000000000800566a       0x10 c:/st/stm32cubeide_1.4.0/stm32cubeide/plugins/com.st.stm32cube.ide.mcu.externaltools.gnu-tools-for-stm32.7-2018-q2-update.win32_1.4.0.202007081208/tools/bin/../lib/gcc/arm-none-eabi/7.3.1/../../../../arm-none-eabi/lib/thumb/v6-m\libc_nano.a(lib_a-memset.o)
                0x000000000800566a                memset
 *fill*         0x000000000800567a        0x2 
 .text.sprintf  0x000000000800567c       0x40 c:/st/stm32cubeide_1.4.0/stm32cubeide/plugins/com.st.stm32cube.ide.mcu.externaltools.gnu-tools-for-stm32.7-2018-q2-update.win32_1.4.0.202007081208/tools/bin/../lib/gcc/arm-none-eabi/7.3.1/../../../../arm-none-eabi/lib/thumb/v6-m\libc_nano.a(lib_a-sprintf.o)
                0x000000000800567c                siprintf
                0x000000000800567c                sprintf
 .text.__ssputs_r
                0x00000000080056bc       0xc4 c:/st/stm32cubeide_1.4.0/stm32cubeide/plugins/com.st.stm32cube.ide.mcu.externaltools.gnu-tools-for-stm32.7-2018-q2-update.win32_1.4.0.202007081208/tools/bin/../lib/gcc/arm-none-eabi/7.3.1/../../../../arm-none-eabi/lib/thumb/v6-m\libc_nano.a(lib_a-nano-svfprintf.o)
                0x00000000080056bc                __ssputs_r
 .text._svfprintf_r
                0x0000000008005780      0x1fc c:/st/stm32cubeide_1.4.0/stm32cubeide/plugins/com.st.stm32cube.ide.mcu.externaltools.gnu-tools-for-stm32.7-2018-q2-update.win32_1.4.0.202007081208/tools/bin/../lib/gcc/arm-none-eabi/7.3.1/../../../../arm-none-eabi/lib/thumb/v6-m\libc_nano.a(lib_a-nano-svfprintf.o)
                0x0000000008005780                _svfiprintf_r
                0x0000000008005780                _svfprintf_r
 .text._printf_common
                0x000000000800597c       0xda c:/st/stm32cubeide_1.4.0/stm32cubeide/plugins/com.st.stm32cube.ide.mcu.externaltools.gnu-tools-for-stm32.7-2018-q2-update.win32_1.4.0.202007081208/tools/bin/../lib/gcc/arm-none-eabi/7.3.1/../../../../arm-none-eabi/lib/thumb/v6-m\libc_nano.a(lib_a-nano-vfprintf_i.o)
                0x000000000800597c                _printf_common
 *fill*         0x0000000008005a56        0x2 
 .text._printf_i
                0x0000000008005a58      0x210 c:/st/stm32cubeide_1.4.0/stm32cubeide/plugins/com.st.stm32cube.ide.mcu.externaltools.gnu-tools-for-stm32.7-2018-q2-update.win32_1.4.0.202007081208/tools/bin/../lib/gcc/arm-none-eabi/7.3.1/../../../../arm-none-eabi/lib/thumb/v6-m\libc_nano.a(lib_a-nano-vfprintf_i.o)
                0x0000000008005a58                _printf_i
 .text.memchr   0x0000000008005c68       0x16 c:/st/stm32cubeide_1.4.0/stm32cubeide/plugins/com.st.stm32cube.ide.mcu.externaltools.gnu-tools-for-stm32.7-2018-q2-update.win32_1.4.0.202007081208/tools/bin/../lib/gcc/arm-none-eabi/7.3.1/../../../../arm-none-eabi/lib/thumb/v6-m\libc_nano.a(lib_a-memchr-stub.o)
                0x0000000008005c68                memchr
 .text.memmove  0x0000000008005c7e       0x26 c:/st/stm32cubeide_1.4.0/stm32cubeide/plugins/com.st.stm32cube.ide.mcu.externaltools.gnu-tools-for-stm32.7-2018-q2-update.win32_1.4.0.202007081208/tools/bin/../lib/gcc/arm-none-eabi/7.3.1/../../../../arm-none-eabi/lib/thumb/v6-m\libc_nano.a(lib_a-memmove.o)
                0x0000000008005c7e                memmove
 .text._free_r  0x0000000008005ca4       0x94 c:/st/stm32cubeide_1.4.0/stm32cubeide/plugins/com.st.stm32cube.ide.mcu.externaltools.gnu-tools-for-stm32.7-2018-q2-update.win32_1.4.0.202007081208/tools/bin/../lib/gcc/arm-none-eabi/7.3.1/../../../../arm-none-eabi/lib/thumb/v6-m\libc_nano.a(lib_a-nano-freer.o)
                0x0000000008005ca4                _free_r
 .text._malloc_r
                0x0000000008005d38       0xbc c:/st/stm32cubeide_1.4.0/stm32cubeide/plugins/com.st.stm32cube.ide.mcu.externaltools.gnu-tools-for-stm32.7-2018-q2-update.win32_1.4.0.202007081208/tools/bin/../lib/gcc/arm-none-eabi/7.3.1/../../../../arm-none-eabi/lib/thumb/v6-m\libc_nano.a(lib_a-nano-mallocr.o)
                0x0000000008005d38                _malloc_r
 .text._realloc_r
                0x0000000008005df4       0x4c c:/st/stm32cubeide_1.4.0/stm32cubeide/plugins/com.st.stm32cube.ide.mcu.externaltools.gnu-tools-for-stm32.7-2018-q2-update.win32_1.4.0.202007081208/tools/bin/../lib/gcc/arm-none-eabi/7.3.1/../../../../arm-none-eabi/lib/thumb/v6-m\libc_nano.a(lib_a-nano-reallocr.o)
                0x0000000008005df4                _realloc_r
 .text._sbrk_r  0x0000000008005e40       0x24 c:/st/stm32cubeide_1.4.0/stm32cubeide/plugins/com.st.stm32cube.ide.mcu.externaltools.gnu-tools-for-stm32.7-2018-q2-update.win32_1.4.0.202007081208/tools/bin/../lib/gcc/arm-none-eabi/7.3.1/../../../../arm-none-eabi/lib/thumb/v6-m\libc_nano.a(lib_a-sbrkr.o)
                0x0000000008005e40                _sbrk_r
 .text.__malloc_lock
                0x0000000008005e64        0x2 c:/st/stm32cubeide_1.4.0/stm32cubeide/plugins/com.st.stm32cube.ide.mcu.externaltools.gnu-tools-for-stm32.7-2018-q2-update.win32_1.4.0.202007081208/tools/bin/../lib/gcc/arm-none-eabi/7.3.1/../../../../arm-none-eabi/lib/thumb/v6-m\libc_nano.a(lib_a-mlock.o)
                0x0000000008005e64                __malloc_lock
 .text.__malloc_unlock
                0x0000000008005e66        0x2 c:/st/stm32cubeide_1.4.0/stm32cubeide/plugins/com.st.stm32cube.ide.mcu.externaltools.gnu-tools-for-stm32.7-2018-q2-update.win32_1.4.0.202007081208/tools/bin/../lib/gcc/arm-none-eabi/7.3.1/../../../../arm-none-eabi/lib/thumb/v6-m\libc_nano.a(lib_a-mlock.o)
                0x0000000008005e66                __malloc_unlock
 .text._malloc_usable_size_r
                0x0000000008005e68       0x10 c:/st/stm32cubeide_1.4.0/stm32cubeide/plugins/com.st.stm32cube.ide.mcu.externaltools.gnu-tools-for-stm32.7-2018-q2-update.win32_1.4.0.202007081208/tools/bin/../lib/gcc/arm-none-eabi/7.3.1/../../../../arm-none-eabi/lib/thumb/v6-m\libc_nano.a(lib_a-nano-msizer.o)
                0x0000000008005e68                _malloc_usable_size_r
 *(.glue_7)
 .glue_7        0x0000000008005e78        0x0 linker stubs
 *(.glue_7t)
 .glue_7t       0x0000000008005e78        0x0 linker stubs
 *(.eh_frame)
 .eh_frame      0x0000000008005e78        0x0 c:/st/stm32cubeide_1.4.0/stm32cubeide/plugins/com.st.stm32cube.ide.mcu.externaltools.gnu-tools-for-stm32.7-2018-q2-update.win32_1.4.0.202007081208/tools/bin/../lib/gcc/arm-none-eabi/7.3.1/thumb/v6-m/crtbegin.o
 *(.init)
 .init          0x0000000008005e78        0x4 c:/st/stm32cubeide_1.4.0/stm32cubeide/plugins/com.st.stm32cube.ide.mcu.externaltools.gnu-tools-for-stm32.7-2018-q2-update.win32_1.4.0.202007081208/tools/bin/../lib/gcc/arm-none-eabi/7.3.1/thumb/v6-m/crti.o
                0x0000000008005e78                _init
 .init          0x0000000008005e7c        0x8 c:/st/stm32cubeide_1.4.0/stm32cubeide/plugins/com.st.stm32cube.ide.mcu.externaltools.gnu-tools-for-stm32.7-2018-q2-update.win32_1.4.0.202007081208/tools/bin/../lib/gcc/arm-none-eabi/7.3.1/thumb/v6-m/crtn.o
 *(.fini)
 .fini          0x0000000008005e84        0x4 c:/st/stm32cubeide_1.4.0/stm32cubeide/plugins/com.st.stm32cube.ide.mcu.externaltools.gnu-tools-for-stm32.7-2018-q2-update.win32_1.4.0.202007081208/tools/bin/../lib/gcc/arm-none-eabi/7.3.1/thumb/v6-m/crti.o
                0x0000000008005e84                _fini
 .fini          0x0000000008005e88        0x8 c:/st/stm32cubeide_1.4.0/stm32cubeide/plugins/com.st.stm32cube.ide.mcu.externaltools.gnu-tools-for-stm32.7-2018-q2-update.win32_1.4.0.202007081208/tools/bin/../lib/gcc/arm-none-eabi/7.3.1/thumb/v6-m/crtn.o
                0x0000000008005e90                . = ALIGN (0x4)
                0x0000000008005e90                _etext = .

.vfp11_veneer   0x0000000008005e90        0x0
 .vfp11_veneer  0x0000000008005e90        0x0 linker stubs

.v4_bx          0x0000000008005e90        0x0
 .v4_bx         0x0000000008005e90        0x0 linker stubs

.iplt           0x0000000008005e90        0x0
 .iplt          0x0000000008005e90        0x0 c:/st/stm32cubeide_1.4.0/stm32cubeide/plugins/com.st.stm32cube.ide.mcu.externaltools.gnu-tools-for-stm32.7-2018-q2-update.win32_1.4.0.202007081208/tools/bin/../lib/gcc/arm-none-eabi/7.3.1/thumb/v6-m/crtbegin.o

.rodata         0x0000000008005e90      0x820
                0x0000000008005e90                . = ALIGN (0x4)
 *(.rodata)
 .rodata        0x0000000008005e90       0x47 Core/Src/main.o
 *fill*         0x0000000008005ed7        0x1 
 .rodata        0x0000000008005ed8       0x20 Drivers/STM32F0xx_HAL_Driver/Src/stm32f0xx_hal_rcc.o
 *(.rodata*)
 .rodata.Font7x10
                0x0000000008005ef8      0x76c Core/Src/ssd1306_fonts.o
 .rodata.AHBPrescTable
                0x0000000008006664       0x10 Core/Src/system_stm32f0xx.o
                0x0000000008006664                AHBPrescTable
 .rodata.APBPrescTable
                0x0000000008006674        0x8 Core/Src/system_stm32f0xx.o
                0x0000000008006674                APBPrescTable
 .rodata._svfprintf_r.str1.1
                0x000000000800667c       0x11 c:/st/stm32cubeide_1.4.0/stm32cubeide/plugins/com.st.stm32cube.ide.mcu.externaltools.gnu-tools-for-stm32.7-2018-q2-update.win32_1.4.0.202007081208/tools/bin/../lib/gcc/arm-none-eabi/7.3.1/../../../../arm-none-eabi/lib/thumb/v6-m\libc_nano.a(lib_a-nano-svfprintf.o)
 .rodata._printf_i.str1.1
                0x000000000800668d       0x22 c:/st/stm32cubeide_1.4.0/stm32cubeide/plugins/com.st.stm32cube.ide.mcu.externaltools.gnu-tools-for-stm32.7-2018-q2-update.win32_1.4.0.202007081208/tools/bin/../lib/gcc/arm-none-eabi/7.3.1/../../../../arm-none-eabi/lib/thumb/v6-m\libc_nano.a(lib_a-nano-vfprintf_i.o)
                0x00000000080066b0                . = ALIGN (0x4)
 *fill*         0x00000000080066af        0x1 

.rel.dyn        0x00000000080066b0        0x0
 .rel.iplt      0x00000000080066b0        0x0 c:/st/stm32cubeide_1.4.0/stm32cubeide/plugins/com.st.stm32cube.ide.mcu.externaltools.gnu-tools-for-stm32.7-2018-q2-update.win32_1.4.0.202007081208/tools/bin/../lib/gcc/arm-none-eabi/7.3.1/thumb/v6-m/crtbegin.o

.ARM.extab      0x00000000080066b0        0x0
                0x00000000080066b0                . = ALIGN (0x4)
 *(.ARM.extab* .gnu.linkonce.armextab.*)
                0x00000000080066b0                . = ALIGN (0x4)

.ARM            0x00000000080066b0        0x0
                0x00000000080066b0                . = ALIGN (0x4)
                0x00000000080066b0                __exidx_start = .
 *(.ARM.exidx*)
                0x00000000080066b0                __exidx_end = .
                0x00000000080066b0                . = ALIGN (0x4)

.preinit_array  0x00000000080066b0        0x0
                0x00000000080066b0                . = ALIGN (0x4)
                0x00000000080066b0                PROVIDE (__preinit_array_start = .)
 *(.preinit_array*)
                0x00000000080066b0                PROVIDE (__preinit_array_end = .)
                0x00000000080066b0                . = ALIGN (0x4)

.init_array     0x00000000080066b0        0x4
                0x00000000080066b0                . = ALIGN (0x4)
                0x00000000080066b0                PROVIDE (__init_array_start = .)
 *(SORT_BY_NAME(.init_array.*))
 *(.init_array*)
 .init_array    0x00000000080066b0        0x4 c:/st/stm32cubeide_1.4.0/stm32cubeide/plugins/com.st.stm32cube.ide.mcu.externaltools.gnu-tools-for-stm32.7-2018-q2-update.win32_1.4.0.202007081208/tools/bin/../lib/gcc/arm-none-eabi/7.3.1/thumb/v6-m/crtbegin.o
                0x00000000080066b4                PROVIDE (__init_array_end = .)
                0x00000000080066b4                . = ALIGN (0x4)

.fini_array     0x00000000080066b4        0x4
                0x00000000080066b4                . = ALIGN (0x4)
                [!provide]                        PROVIDE (__fini_array_start = .)
 *(SORT_BY_NAME(.fini_array.*))
 *(.fini_array*)
 .fini_array    0x00000000080066b4        0x4 c:/st/stm32cubeide_1.4.0/stm32cubeide/plugins/com.st.stm32cube.ide.mcu.externaltools.gnu-tools-for-stm32.7-2018-q2-update.win32_1.4.0.202007081208/tools/bin/../lib/gcc/arm-none-eabi/7.3.1/thumb/v6-m/crtbegin.o
                [!provide]                        PROVIDE (__fini_array_end = .)
                0x00000000080066b8                . = ALIGN (0x4)
                0x00000000080066b8                _sidata = LOADADDR (.data)

.data           0x0000000020000000       0x78 load address 0x00000000080066b8
                0x0000000020000000                . = ALIGN (0x4)
                0x0000000020000000                _sdata = .
 *(.data)
 *(.data*)
 .data.Font_7x10
                0x0000000020000000        0x8 Core/Src/ssd1306_fonts.o
                0x0000000020000000                Font_7x10
 .data.SystemCoreClock
                0x0000000020000008        0x4 Core/Src/system_stm32f0xx.o
                0x0000000020000008                SystemCoreClock
 .data.uwTickPrio
                0x000000002000000c        0x4 Drivers/STM32F0xx_HAL_Driver/Src/stm32f0xx_hal.o
                0x000000002000000c                uwTickPrio
 .data.uwTickFreq
                0x0000000020000010        0x1 Drivers/STM32F0xx_HAL_Driver/Src/stm32f0xx_hal.o
                0x0000000020000010                uwTickFreq
 *fill*         0x0000000020000011        0x3 
 .data._impure_ptr
                0x0000000020000014        0x4 c:/st/stm32cubeide_1.4.0/stm32cubeide/plugins/com.st.stm32cube.ide.mcu.externaltools.gnu-tools-for-stm32.7-2018-q2-update.win32_1.4.0.202007081208/tools/bin/../lib/gcc/arm-none-eabi/7.3.1/../../../../arm-none-eabi/lib/thumb/v6-m\libc_nano.a(lib_a-impure.o)
                0x0000000020000014                _impure_ptr
 .data.impure_data
                0x0000000020000018       0x60 c:/st/stm32cubeide_1.4.0/stm32cubeide/plugins/com.st.stm32cube.ide.mcu.externaltools.gnu-tools-for-stm32.7-2018-q2-update.win32_1.4.0.202007081208/tools/bin/../lib/gcc/arm-none-eabi/7.3.1/../../../../arm-none-eabi/lib/thumb/v6-m\libc_nano.a(lib_a-impure.o)
                0x0000000020000078                . = ALIGN (0x4)
                0x0000000020000078                _edata = .

.igot.plt       0x0000000020000078        0x0 load address 0x0000000008006730
 .igot.plt      0x0000000020000078        0x0 c:/st/stm32cubeide_1.4.0/stm32cubeide/plugins/com.st.stm32cube.ide.mcu.externaltools.gnu-tools-for-stm32.7-2018-q2-update.win32_1.4.0.202007081208/tools/bin/../lib/gcc/arm-none-eabi/7.3.1/thumb/v6-m/crtbegin.o
                0x0000000020000078                . = ALIGN (0x4)

.bss            0x0000000020000078      0x544 load address 0x0000000008006730
                0x0000000020000078                _sbss = .
                0x0000000020000078                __bss_start__ = _sbss
 *(.bss)
 .bss           0x0000000020000078       0x1c c:/st/stm32cubeide_1.4.0/stm32cubeide/plugins/com.st.stm32cube.ide.mcu.externaltools.gnu-tools-for-stm32.7-2018-q2-update.win32_1.4.0.202007081208/tools/bin/../lib/gcc/arm-none-eabi/7.3.1/thumb/v6-m/crtbegin.o
 *(.bss*)
 .bss.encPos    0x0000000020000094        0x4 Core/Src/main.o
                0x0000000020000094                encPos
 .bss.oldPos    0x0000000020000098        0x4 Core/Src/main.o
                0x0000000020000098                oldPos
 .bss.setPos    0x000000002000009c        0x4 Core/Src/main.o
                0x000000002000009c                setPos
 .bss.error     0x00000000200000a0        0x4 Core/Src/main.o
                0x00000000200000a0                error
 .bss.calk      0x00000000200000a4        0x4 Core/Src/main.o
                0x00000000200000a4                calk
 .bss.przec     0x00000000200000a8        0x4 Core/Src/main.o
                0x00000000200000a8                przec
 .bss.T3_ov_cnt
                0x00000000200000ac        0x4 Core/Src/main.o
                0x00000000200000ac                T3_ov_cnt
 .bss.SSD1306_Buffer
                0x00000000200000b0      0x200 Core/Src/ssd1306.o
 .bss.SSD1306   0x00000000200002b0        0x8 Core/Src/ssd1306.o
 .bss.flag      0x00000000200002b8        0x1 Core/Src/stm32f0xx_it.o
                0x00000000200002b8                flag
 *fill*         0x00000000200002b9        0x3 
 .bss.__sbrk_heap_end
                0x00000000200002bc        0x4 Core/Src/sysmem.o
 .bss.__malloc_free_list
                0x00000000200002c0        0x4 c:/st/stm32cubeide_1.4.0/stm32cubeide/plugins/com.st.stm32cube.ide.mcu.externaltools.gnu-tools-for-stm32.7-2018-q2-update.win32_1.4.0.202007081208/tools/bin/../lib/gcc/arm-none-eabi/7.3.1/../../../../arm-none-eabi/lib/thumb/v6-m\libc_nano.a(lib_a-nano-mallocr.o)
                0x00000000200002c0                __malloc_free_list
 .bss.__malloc_sbrk_start
                0x00000000200002c4        0x4 c:/st/stm32cubeide_1.4.0/stm32cubeide/plugins/com.st.stm32cube.ide.mcu.externaltools.gnu-tools-for-stm32.7-2018-q2-update.win32_1.4.0.202007081208/tools/bin/../lib/gcc/arm-none-eabi/7.3.1/../../../../arm-none-eabi/lib/thumb/v6-m\libc_nano.a(lib_a-nano-mallocr.o)
                0x00000000200002c4                __malloc_sbrk_start
 *(COMMON)
 COMMON         0x00000000200002c8      0x2ec Core/Src/main.o
                0x00000000200002c8                hi2c1
                0x0000000020000314                hdma_tim2_up
                0x0000000020000358                hdma_tim1_ch2
                0x000000002000039c                htim17
                0x00000000200003dc                htim3
                0x000000002000041c                huart1
                0x000000002000049c                htim1
                0x00000000200004dc                htim2
                0x000000002000051c                str
                0x0000000020000534                htim14
                0x0000000020000574                htim16
 COMMON         0x00000000200005b4        0x4 Drivers/STM32F0xx_HAL_Driver/Src/stm32f0xx_hal.o
                0x00000000200005b4                uwTick
 COMMON         0x00000000200005b8        0x4 c:/st/stm32cubeide_1.4.0/stm32cubeide/plugins/com.st.stm32cube.ide.mcu.externaltools.gnu-tools-for-stm32.7-2018-q2-update.win32_1.4.0.202007081208/tools/bin/../lib/gcc/arm-none-eabi/7.3.1/../../../../arm-none-eabi/lib/thumb/v6-m\libc_nano.a(lib_a-reent.o)
                0x00000000200005b8                errno
                0x00000000200005bc                . = ALIGN (0x4)
                0x00000000200005bc                _ebss = .
                0x00000000200005bc                __bss_end__ = _ebss

._user_heap_stack
                0x00000000200005bc      0x604 load address 0x0000000008006730
                0x00000000200005c0                . = ALIGN (0x8)
 *fill*         0x00000000200005bc        0x4 
                [!provide]                        PROVIDE (end = .)
                0x00000000200005c0                PROVIDE (_end = .)
                0x00000000200007c0                . = (. + _Min_Heap_Size)
 *fill*         0x00000000200005c0      0x200 
                0x0000000020000bc0                . = (. + _Min_Stack_Size)
 *fill*         0x00000000200007c0      0x400 
                0x0000000020000bc0                . = ALIGN (0x8)

/DISCARD/
 libc.a(*)
 libm.a(*)
 libgcc.a(*)

.ARM.attributes
                0x0000000000000000       0x28
 *(.ARM.attributes)
 .ARM.attributes
                0x0000000000000000       0x1e c:/st/stm32cubeide_1.4.0/stm32cubeide/plugins/com.st.stm32cube.ide.mcu.externaltools.gnu-tools-for-stm32.7-2018-q2-update.win32_1.4.0.202007081208/tools/bin/../lib/gcc/arm-none-eabi/7.3.1/thumb/v6-m/crti.o
 .ARM.attributes
                0x000000000000001e       0x2c c:/st/stm32cubeide_1.4.0/stm32cubeide/plugins/com.st.stm32cube.ide.mcu.externaltools.gnu-tools-for-stm32.7-2018-q2-update.win32_1.4.0.202007081208/tools/bin/../lib/gcc/arm-none-eabi/7.3.1/thumb/v6-m/crtbegin.o
 .ARM.attributes
                0x000000000000004a       0x31 Core/Src/main.o
 .ARM.attributes
                0x000000000000007b       0x31 Core/Src/ssd1306.o
 .ARM.attributes
                0x00000000000000ac       0x31 Core/Src/ssd1306_fonts.o
 .ARM.attributes
                0x00000000000000dd       0x31 Core/Src/stm32f0xx_hal_msp.o
 .ARM.attributes
                0x000000000000010e       0x31 Core/Src/stm32f0xx_it.o
 .ARM.attributes
                0x000000000000013f       0x31 Core/Src/sysmem.o
 .ARM.attributes
                0x0000000000000170       0x31 Core/Src/system_stm32f0xx.o
 .ARM.attributes
                0x00000000000001a1       0x21 Core/Startup/startup_stm32f031k6tx.o
 .ARM.attributes
                0x00000000000001c2       0x31 Drivers/STM32F0xx_HAL_Driver/Src/stm32f0xx_hal.o
 .ARM.attributes
                0x00000000000001f3       0x31 Drivers/STM32F0xx_HAL_Driver/Src/stm32f0xx_hal_cortex.o
 .ARM.attributes
                0x0000000000000224       0x31 Drivers/STM32F0xx_HAL_Driver/Src/stm32f0xx_hal_dma.o
 .ARM.attributes
                0x0000000000000255       0x31 Drivers/STM32F0xx_HAL_Driver/Src/stm32f0xx_hal_gpio.o
 .ARM.attributes
                0x0000000000000286       0x31 Drivers/STM32F0xx_HAL_Driver/Src/stm32f0xx_hal_i2c.o
 .ARM.attributes
                0x00000000000002b7       0x31 Drivers/STM32F0xx_HAL_Driver/Src/stm32f0xx_hal_i2c_ex.o
 .ARM.attributes
                0x00000000000002e8       0x31 Drivers/STM32F0xx_HAL_Driver/Src/stm32f0xx_hal_rcc.o
 .ARM.attributes
                0x0000000000000319       0x31 Drivers/STM32F0xx_HAL_Driver/Src/stm32f0xx_hal_rcc_ex.o
 .ARM.attributes
                0x000000000000034a       0x31 Drivers/STM32F0xx_HAL_Driver/Src/stm32f0xx_hal_tim.o
 .ARM.attributes
                0x000000000000037b       0x31 Drivers/STM32F0xx_HAL_Driver/Src/stm32f0xx_hal_tim_ex.o
 .ARM.attributes
                0x00000000000003ac       0x31 Drivers/STM32F0xx_HAL_Driver/Src/stm32f0xx_hal_uart.o
 .ARM.attributes
                0x00000000000003dd       0x31 Drivers/STM32F0xx_HAL_Driver/Src/stm32f0xx_hal_uart_ex.o
 .ARM.attributes
                0x000000000000040e       0x2c c:/st/stm32cubeide_1.4.0/stm32cubeide/plugins/com.st.stm32cube.ide.mcu.externaltools.gnu-tools-for-stm32.7-2018-q2-update.win32_1.4.0.202007081208/tools/bin/../lib/gcc/arm-none-eabi/7.3.1/../../../../arm-none-eabi/lib/thumb/v6-m\libc_nano.a(lib_a-errno.o)
 .ARM.attributes
                0x000000000000043a       0x2c c:/st/stm32cubeide_1.4.0/stm32cubeide/plugins/com.st.stm32cube.ide.mcu.externaltools.gnu-tools-for-stm32.7-2018-q2-update.win32_1.4.0.202007081208/tools/bin/../lib/gcc/arm-none-eabi/7.3.1/../../../../arm-none-eabi/lib/thumb/v6-m\libc_nano.a(lib_a-impure.o)
 .ARM.attributes
                0x0000000000000466       0x2c c:/st/stm32cubeide_1.4.0/stm32cubeide/plugins/com.st.stm32cube.ide.mcu.externaltools.gnu-tools-for-stm32.7-2018-q2-update.win32_1.4.0.202007081208/tools/bin/../lib/gcc/arm-none-eabi/7.3.1/../../../../arm-none-eabi/lib/thumb/v6-m\libc_nano.a(lib_a-init.o)
 .ARM.attributes
                0x0000000000000492       0x2c c:/st/stm32cubeide_1.4.0/stm32cubeide/plugins/com.st.stm32cube.ide.mcu.externaltools.gnu-tools-for-stm32.7-2018-q2-update.win32_1.4.0.202007081208/tools/bin/../lib/gcc/arm-none-eabi/7.3.1/../../../../arm-none-eabi/lib/thumb/v6-m\libc_nano.a(lib_a-memcpy-stub.o)
 .ARM.attributes
                0x00000000000004be       0x2c c:/st/stm32cubeide_1.4.0/stm32cubeide/plugins/com.st.stm32cube.ide.mcu.externaltools.gnu-tools-for-stm32.7-2018-q2-update.win32_1.4.0.202007081208/tools/bin/../lib/gcc/arm-none-eabi/7.3.1/../../../../arm-none-eabi/lib/thumb/v6-m\libc_nano.a(lib_a-memset.o)
 .ARM.attributes
                0x00000000000004ea       0x2c c:/st/stm32cubeide_1.4.0/stm32cubeide/plugins/com.st.stm32cube.ide.mcu.externaltools.gnu-tools-for-stm32.7-2018-q2-update.win32_1.4.0.202007081208/tools/bin/../lib/gcc/arm-none-eabi/7.3.1/../../../../arm-none-eabi/lib/thumb/v6-m\libc_nano.a(lib_a-sprintf.o)
 .ARM.attributes
                0x0000000000000516       0x2c c:/st/stm32cubeide_1.4.0/stm32cubeide/plugins/com.st.stm32cube.ide.mcu.externaltools.gnu-tools-for-stm32.7-2018-q2-update.win32_1.4.0.202007081208/tools/bin/../lib/gcc/arm-none-eabi/7.3.1/../../../../arm-none-eabi/lib/thumb/v6-m\libc_nano.a(lib_a-nano-svfprintf.o)
 .ARM.attributes
                0x0000000000000542       0x2c c:/st/stm32cubeide_1.4.0/stm32cubeide/plugins/com.st.stm32cube.ide.mcu.externaltools.gnu-tools-for-stm32.7-2018-q2-update.win32_1.4.0.202007081208/tools/bin/../lib/gcc/arm-none-eabi/7.3.1/../../../../arm-none-eabi/lib/thumb/v6-m\libc_nano.a(lib_a-nano-vfprintf_i.o)
 .ARM.attributes
                0x000000000000056e       0x2c c:/st/stm32cubeide_1.4.0/stm32cubeide/plugins/com.st.stm32cube.ide.mcu.externaltools.gnu-tools-for-stm32.7-2018-q2-update.win32_1.4.0.202007081208/tools/bin/../lib/gcc/arm-none-eabi/7.3.1/../../../../arm-none-eabi/lib/thumb/v6-m\libc_nano.a(lib_a-memchr-stub.o)
 .ARM.attributes
                0x000000000000059a       0x2c c:/st/stm32cubeide_1.4.0/stm32cubeide/plugins/com.st.stm32cube.ide.mcu.externaltools.gnu-tools-for-stm32.7-2018-q2-update.win32_1.4.0.202007081208/tools/bin/../lib/gcc/arm-none-eabi/7.3.1/../../../../arm-none-eabi/lib/thumb/v6-m\libc_nano.a(lib_a-memmove.o)
 .ARM.attributes
                0x00000000000005c6       0x2c c:/st/stm32cubeide_1.4.0/stm32cubeide/plugins/com.st.stm32cube.ide.mcu.externaltools.gnu-tools-for-stm32.7-2018-q2-update.win32_1.4.0.202007081208/tools/bin/../lib/gcc/arm-none-eabi/7.3.1/../../../../arm-none-eabi/lib/thumb/v6-m\libc_nano.a(lib_a-nano-freer.o)
 .ARM.attributes
                0x00000000000005f2       0x2c c:/st/stm32cubeide_1.4.0/stm32cubeide/plugins/com.st.stm32cube.ide.mcu.externaltools.gnu-tools-for-stm32.7-2018-q2-update.win32_1.4.0.202007081208/tools/bin/../lib/gcc/arm-none-eabi/7.3.1/../../../../arm-none-eabi/lib/thumb/v6-m\libc_nano.a(lib_a-nano-mallocr.o)
 .ARM.attributes
                0x000000000000061e       0x2c c:/st/stm32cubeide_1.4.0/stm32cubeide/plugins/com.st.stm32cube.ide.mcu.externaltools.gnu-tools-for-stm32.7-2018-q2-update.win32_1.4.0.202007081208/tools/bin/../lib/gcc/arm-none-eabi/7.3.1/../../../../arm-none-eabi/lib/thumb/v6-m\libc_nano.a(lib_a-nano-reallocr.o)
 .ARM.attributes
                0x000000000000064a       0x2c c:/st/stm32cubeide_1.4.0/stm32cubeide/plugins/com.st.stm32cube.ide.mcu.externaltools.gnu-tools-for-stm32.7-2018-q2-update.win32_1.4.0.202007081208/tools/bin/../lib/gcc/arm-none-eabi/7.3.1/../../../../arm-none-eabi/lib/thumb/v6-m\libc_nano.a(lib_a-sbrkr.o)
 .ARM.attributes
                0x0000000000000676       0x2c c:/st/stm32cubeide_1.4.0/stm32cubeide/plugins/com.st.stm32cube.ide.mcu.externaltools.gnu-tools-for-stm32.7-2018-q2-update.win32_1.4.0.202007081208/tools/bin/../lib/gcc/arm-none-eabi/7.3.1/../../../../arm-none-eabi/lib/thumb/v6-m\libc_nano.a(lib_a-mlock.o)
 .ARM.attributes
                0x00000000000006a2       0x2c c:/st/stm32cubeide_1.4.0/stm32cubeide/plugins/com.st.stm32cube.ide.mcu.externaltools.gnu-tools-for-stm32.7-2018-q2-update.win32_1.4.0.202007081208/tools/bin/../lib/gcc/arm-none-eabi/7.3.1/../../../../arm-none-eabi/lib/thumb/v6-m\libc_nano.a(lib_a-nano-msizer.o)
 .ARM.attributes
                0x00000000000006ce       0x2c c:/st/stm32cubeide_1.4.0/stm32cubeide/plugins/com.st.stm32cube.ide.mcu.externaltools.gnu-tools-for-stm32.7-2018-q2-update.win32_1.4.0.202007081208/tools/bin/../lib/gcc/arm-none-eabi/7.3.1/../../../../arm-none-eabi/lib/thumb/v6-m\libc_nano.a(lib_a-reent.o)
 .ARM.attributes
                0x00000000000006fa       0x1e c:/st/stm32cubeide_1.4.0/stm32cubeide/plugins/com.st.stm32cube.ide.mcu.externaltools.gnu-tools-for-stm32.7-2018-q2-update.win32_1.4.0.202007081208/tools/bin/../lib/gcc/arm-none-eabi/7.3.1/thumb/v6-m\libgcc.a(_udivsi3.o)
 .ARM.attributes
                0x0000000000000718       0x1e c:/st/stm32cubeide_1.4.0/stm32cubeide/plugins/com.st.stm32cube.ide.mcu.externaltools.gnu-tools-for-stm32.7-2018-q2-update.win32_1.4.0.202007081208/tools/bin/../lib/gcc/arm-none-eabi/7.3.1/thumb/v6-m\libgcc.a(_divsi3.o)
 .ARM.attributes
                0x0000000000000736       0x1e c:/st/stm32cubeide_1.4.0/stm32cubeide/plugins/com.st.stm32cube.ide.mcu.externaltools.gnu-tools-for-stm32.7-2018-q2-update.win32_1.4.0.202007081208/tools/bin/../lib/gcc/arm-none-eabi/7.3.1/thumb/v6-m\libgcc.a(_dvmd_tls.o)
 .ARM.attributes
                0x0000000000000754       0x1e c:/st/stm32cubeide_1.4.0/stm32cubeide/plugins/com.st.stm32cube.ide.mcu.externaltools.gnu-tools-for-stm32.7-2018-q2-update.win32_1.4.0.202007081208/tools/bin/../lib/gcc/arm-none-eabi/7.3.1/thumb/v6-m/crtn.o
OUTPUT(Z_Encoder_PWM_read.elf elf32-littlearm)

.debug_info     0x0000000000000000    0x1029f
 .debug_info    0x0000000000000000     0x1ee9 Core/Src/main.o
 .debug_info    0x0000000000001ee9     0x1636 Core/Src/ssd1306.o
 .debug_info    0x000000000000351f      0x11c Core/Src/ssd1306_fonts.o
 .debug_info    0x000000000000363b     0x1185 Core/Src/stm32f0xx_hal_msp.o
 .debug_info    0x00000000000047c0      0xb10 Core/Src/stm32f0xx_it.o
 .debug_info    0x00000000000052d0      0x99d Core/Src/sysmem.o
 .debug_info    0x0000000000005c6d      0x29e Core/Src/system_stm32f0xx.o
 .debug_info    0x0000000000005f0b       0x22 Core/Startup/startup_stm32f031k6tx.o
 .debug_info    0x0000000000005f2d      0x673 Drivers/STM32F0xx_HAL_Driver/Src/stm32f0xx_hal.o
 .debug_info    0x00000000000065a0      0x750 Drivers/STM32F0xx_HAL_Driver/Src/stm32f0xx_hal_cortex.o
 .debug_info    0x0000000000006cf0      0x79f Drivers/STM32F0xx_HAL_Driver/Src/stm32f0xx_hal_dma.o
 .debug_info    0x000000000000748f      0x661 Drivers/STM32F0xx_HAL_Driver/Src/stm32f0xx_hal_gpio.o
 .debug_info    0x0000000000007af0     0x1f39 Drivers/STM32F0xx_HAL_Driver/Src/stm32f0xx_hal_i2c.o
 .debug_info    0x0000000000009a29      0x8ba Drivers/STM32F0xx_HAL_Driver/Src/stm32f0xx_hal_i2c_ex.o
 .debug_info    0x000000000000a2e3      0x80a Drivers/STM32F0xx_HAL_Driver/Src/stm32f0xx_hal_rcc.o
 .debug_info    0x000000000000aaed      0x3cb Drivers/STM32F0xx_HAL_Driver/Src/stm32f0xx_hal_rcc_ex.o
 .debug_info    0x000000000000aeb8     0x2522 Drivers/STM32F0xx_HAL_Driver/Src/stm32f0xx_hal_tim.o
 .debug_info    0x000000000000d3da     0x10e6 Drivers/STM32F0xx_HAL_Driver/Src/stm32f0xx_hal_tim_ex.o
 .debug_info    0x000000000000e4c0     0x156d Drivers/STM32F0xx_HAL_Driver/Src/stm32f0xx_hal_uart.o
 .debug_info    0x000000000000fa2d      0x872 Drivers/STM32F0xx_HAL_Driver/Src/stm32f0xx_hal_uart_ex.o

.debug_abbrev   0x0000000000000000     0x2565
 .debug_abbrev  0x0000000000000000      0x2dc Core/Src/main.o
 .debug_abbrev  0x00000000000002dc      0x332 Core/Src/ssd1306.o
 .debug_abbrev  0x000000000000060e       0xa1 Core/Src/ssd1306_fonts.o
 .debug_abbrev  0x00000000000006af      0x1e9 Core/Src/stm32f0xx_hal_msp.o
 .debug_abbrev  0x0000000000000898      0x1c2 Core/Src/stm32f0xx_it.o
 .debug_abbrev  0x0000000000000a5a      0x1c6 Core/Src/sysmem.o
 .debug_abbrev  0x0000000000000c20      0x12b Core/Src/system_stm32f0xx.o
 .debug_abbrev  0x0000000000000d4b       0x12 Core/Startup/startup_stm32f031k6tx.o
 .debug_abbrev  0x0000000000000d5d      0x1f2 Drivers/STM32F0xx_HAL_Driver/Src/stm32f0xx_hal.o
 .debug_abbrev  0x0000000000000f4f      0x273 Drivers/STM32F0xx_HAL_Driver/Src/stm32f0xx_hal_cortex.o
 .debug_abbrev  0x00000000000011c2      0x1ed Drivers/STM32F0xx_HAL_Driver/Src/stm32f0xx_hal_dma.o
 .debug_abbrev  0x00000000000013af      0x1c0 Drivers/STM32F0xx_HAL_Driver/Src/stm32f0xx_hal_gpio.o
 .debug_abbrev  0x000000000000156f      0x239 Drivers/STM32F0xx_HAL_Driver/Src/stm32f0xx_hal_i2c.o
 .debug_abbrev  0x00000000000017a8      0x1c8 Drivers/STM32F0xx_HAL_Driver/Src/stm32f0xx_hal_i2c_ex.o
 .debug_abbrev  0x0000000000001970      0x20f Drivers/STM32F0xx_HAL_Driver/Src/stm32f0xx_hal_rcc.o
 .debug_abbrev  0x0000000000001b7f      0x175 Drivers/STM32F0xx_HAL_Driver/Src/stm32f0xx_hal_rcc_ex.o
 .debug_abbrev  0x0000000000001cf4      0x23f Drivers/STM32F0xx_HAL_Driver/Src/stm32f0xx_hal_tim.o
 .debug_abbrev  0x0000000000001f33      0x22d Drivers/STM32F0xx_HAL_Driver/Src/stm32f0xx_hal_tim_ex.o
 .debug_abbrev  0x0000000000002160      0x214 Drivers/STM32F0xx_HAL_Driver/Src/stm32f0xx_hal_uart.o
 .debug_abbrev  0x0000000000002374      0x1f1 Drivers/STM32F0xx_HAL_Driver/Src/stm32f0xx_hal_uart_ex.o

.debug_aranges  0x0000000000000000     0x1030
 .debug_aranges
                0x0000000000000000       0xa8 Core/Src/main.o
 .debug_aranges
                0x00000000000000a8       0xc0 Core/Src/ssd1306.o
 .debug_aranges
                0x0000000000000168       0x18 Core/Src/ssd1306_fonts.o
 .debug_aranges
                0x0000000000000180       0x68 Core/Src/stm32f0xx_hal_msp.o
 .debug_aranges
                0x00000000000001e8       0x80 Core/Src/stm32f0xx_it.o
 .debug_aranges
                0x0000000000000268       0x20 Core/Src/sysmem.o
 .debug_aranges
                0x0000000000000288       0x28 Core/Src/system_stm32f0xx.o
 .debug_aranges
                0x00000000000002b0       0x28 Core/Startup/startup_stm32f031k6tx.o
 .debug_aranges
                0x00000000000002d8       0xd0 Drivers/STM32F0xx_HAL_Driver/Src/stm32f0xx_hal.o
 .debug_aranges
                0x00000000000003a8       0xc0 Drivers/STM32F0xx_HAL_Driver/Src/stm32f0xx_hal_cortex.o
 .debug_aranges
                0x0000000000000468       0x88 Drivers/STM32F0xx_HAL_Driver/Src/stm32f0xx_hal_dma.o
 .debug_aranges
                0x00000000000004f0       0x58 Drivers/STM32F0xx_HAL_Driver/Src/stm32f0xx_hal_gpio.o
 .debug_aranges
                0x0000000000000548      0x288 Drivers/STM32F0xx_HAL_Driver/Src/stm32f0xx_hal_i2c.o
 .debug_aranges
                0x00000000000007d0       0x48 Drivers/STM32F0xx_HAL_Driver/Src/stm32f0xx_hal_i2c_ex.o
 .debug_aranges
                0x0000000000000818       0x80 Drivers/STM32F0xx_HAL_Driver/Src/stm32f0xx_hal_rcc.o
 .debug_aranges
                0x0000000000000898       0x30 Drivers/STM32F0xx_HAL_Driver/Src/stm32f0xx_hal_rcc_ex.o
 .debug_aranges
                0x00000000000008c8      0x3b8 Drivers/STM32F0xx_HAL_Driver/Src/stm32f0xx_hal_tim.o
 .debug_aranges
                0x0000000000000c80      0x150 Drivers/STM32F0xx_HAL_Driver/Src/stm32f0xx_hal_tim_ex.o
 .debug_aranges
                0x0000000000000dd0      0x210 Drivers/STM32F0xx_HAL_Driver/Src/stm32f0xx_hal_uart.o
 .debug_aranges
                0x0000000000000fe0       0x50 Drivers/STM32F0xx_HAL_Driver/Src/stm32f0xx_hal_uart_ex.o

.debug_ranges   0x0000000000000000      0xef0
 .debug_ranges  0x0000000000000000       0x98 Core/Src/main.o
 .debug_ranges  0x0000000000000098       0xb0 Core/Src/ssd1306.o
 .debug_ranges  0x0000000000000148       0x58 Core/Src/stm32f0xx_hal_msp.o
 .debug_ranges  0x00000000000001a0       0x70 Core/Src/stm32f0xx_it.o
 .debug_ranges  0x0000000000000210       0x10 Core/Src/sysmem.o
 .debug_ranges  0x0000000000000220       0x18 Core/Src/system_stm32f0xx.o
 .debug_ranges  0x0000000000000238       0x20 Core/Startup/startup_stm32f031k6tx.o
 .debug_ranges  0x0000000000000258       0xc0 Drivers/STM32F0xx_HAL_Driver/Src/stm32f0xx_hal.o
 .debug_ranges  0x0000000000000318       0xb0 Drivers/STM32F0xx_HAL_Driver/Src/stm32f0xx_hal_cortex.o
 .debug_ranges  0x00000000000003c8       0x78 Drivers/STM32F0xx_HAL_Driver/Src/stm32f0xx_hal_dma.o
 .debug_ranges  0x0000000000000440       0x48 Drivers/STM32F0xx_HAL_Driver/Src/stm32f0xx_hal_gpio.o
 .debug_ranges  0x0000000000000488      0x278 Drivers/STM32F0xx_HAL_Driver/Src/stm32f0xx_hal_i2c.o
 .debug_ranges  0x0000000000000700       0x38 Drivers/STM32F0xx_HAL_Driver/Src/stm32f0xx_hal_i2c_ex.o
 .debug_ranges  0x0000000000000738       0x70 Drivers/STM32F0xx_HAL_Driver/Src/stm32f0xx_hal_rcc.o
 .debug_ranges  0x00000000000007a8       0x20 Drivers/STM32F0xx_HAL_Driver/Src/stm32f0xx_hal_rcc_ex.o
 .debug_ranges  0x00000000000007c8      0x3a8 Drivers/STM32F0xx_HAL_Driver/Src/stm32f0xx_hal_tim.o
 .debug_ranges  0x0000000000000b70      0x140 Drivers/STM32F0xx_HAL_Driver/Src/stm32f0xx_hal_tim_ex.o
 .debug_ranges  0x0000000000000cb0      0x200 Drivers/STM32F0xx_HAL_Driver/Src/stm32f0xx_hal_uart.o
 .debug_ranges  0x0000000000000eb0       0x40 Drivers/STM32F0xx_HAL_Driver/Src/stm32f0xx_hal_uart_ex.o

.debug_macro    0x0000000000000000     0xf08e
 .debug_macro   0x0000000000000000      0x363 Core/Src/main.o
 .debug_macro   0x0000000000000363      0xa48 Core/Src/main.o
 .debug_macro   0x0000000000000dab      0x133 Core/Src/main.o
 .debug_macro   0x0000000000000ede       0x2e Core/Src/main.o
 .debug_macro   0x0000000000000f0c       0x22 Core/Src/main.o
 .debug_macro   0x0000000000000f2e       0x22 Core/Src/main.o
 .debug_macro   0x0000000000000f50       0x8e Core/Src/main.o
 .debug_macro   0x0000000000000fde       0x51 Core/Src/main.o
 .debug_macro   0x000000000000102f       0xef Core/Src/main.o
 .debug_macro   0x000000000000111e       0x6a Core/Src/main.o
 .debug_macro   0x0000000000001188      0x1df Core/Src/main.o
 .debug_macro   0x0000000000001367       0x1c Core/Src/main.o
 .debug_macro   0x0000000000001383       0x22 Core/Src/main.o
 .debug_macro   0x00000000000013a5       0xb5 Core/Src/main.o
 .debug_macro   0x000000000000145a      0x391 Core/Src/main.o
 .debug_macro   0x00000000000017eb     0x753d Core/Src/main.o
 .debug_macro   0x0000000000008d28       0x3c Core/Src/main.o
 .debug_macro   0x0000000000008d64      0x174 Core/Src/main.o
 .debug_macro   0x0000000000008ed8       0x53 Core/Src/main.o
 .debug_macro   0x0000000000008f2b      0x924 Core/Src/main.o
 .debug_macro   0x000000000000984f       0xe5 Core/Src/main.o
 .debug_macro   0x0000000000009934      0x12f Core/Src/main.o
 .debug_macro   0x0000000000009a63       0xce Core/Src/main.o
 .debug_macro   0x0000000000009b31      0x199 Core/Src/main.o
 .debug_macro   0x0000000000009cca      0x1ed Core/Src/main.o
 .debug_macro   0x0000000000009eb7       0x34 Core/Src/main.o
 .debug_macro   0x0000000000009eeb       0x43 Core/Src/main.o
 .debug_macro   0x0000000000009f2e       0x28 Core/Src/main.o
 .debug_macro   0x0000000000009f56       0xb0 Core/Src/main.o
 .debug_macro   0x000000000000a006      0x15a Core/Src/main.o
 .debug_macro   0x000000000000a160      0x22c Core/Src/main.o
 .debug_macro   0x000000000000a38c       0x5f Core/Src/main.o
 .debug_macro   0x000000000000a3eb       0xa5 Core/Src/main.o
 .debug_macro   0x000000000000a490       0x4c Core/Src/main.o
 .debug_macro   0x000000000000a4dc      0x112 Core/Src/main.o
 .debug_macro   0x000000000000a5ee      0x8ae Core/Src/main.o
 .debug_macro   0x000000000000ae9c       0x28 Core/Src/main.o
 .debug_macro   0x000000000000aec4      0x589 Core/Src/main.o
 .debug_macro   0x000000000000b44d       0x3e Core/Src/main.o
 .debug_macro   0x000000000000b48b      0x106 Core/Src/main.o
 .debug_macro   0x000000000000b591       0x6a Core/Src/main.o
 .debug_macro   0x000000000000b5fb       0x28 Core/Src/main.o
 .debug_macro   0x000000000000b623       0x46 Core/Src/main.o
 .debug_macro   0x000000000000b669       0x18 Core/Src/main.o
 .debug_macro   0x000000000000b681       0x3c Core/Src/main.o
 .debug_macro   0x000000000000b6bd       0x34 Core/Src/main.o
 .debug_macro   0x000000000000b6f1       0x40 Core/Src/main.o
 .debug_macro   0x000000000000b731       0x16 Core/Src/main.o
 .debug_macro   0x000000000000b747       0x35 Core/Src/main.o
 .debug_macro   0x000000000000b77c      0x32a Core/Src/main.o
 .debug_macro   0x000000000000baa6       0x10 Core/Src/main.o
 .debug_macro   0x000000000000bab6       0x52 Core/Src/main.o
 .debug_macro   0x000000000000bb08       0x1f Core/Src/main.o
 .debug_macro   0x000000000000bb27       0x43 Core/Src/main.o
 .debug_macro   0x000000000000bb6a       0x20 Core/Src/main.o
 .debug_macro   0x000000000000bb8a      0x1a3 Core/Src/main.o
 .debug_macro   0x000000000000bd2d       0x10 Core/Src/main.o
 .debug_macro   0x000000000000bd3d       0x1c Core/Src/main.o
 .debug_macro   0x000000000000bd59       0x52 Core/Src/main.o
 .debug_macro   0x000000000000bdab       0x40 Core/Src/main.o
 .debug_macro   0x000000000000bdeb       0x10 Core/Src/main.o
 .debug_macro   0x000000000000bdfb       0x40 Core/Src/main.o
 .debug_macro   0x000000000000be3b       0xd7 Core/Src/main.o
 .debug_macro   0x000000000000bf12       0x1c Core/Src/main.o
 .debug_macro   0x000000000000bf2e       0x3d Core/Src/main.o
 .debug_macro   0x000000000000bf6b       0x16 Core/Src/main.o
 .debug_macro   0x000000000000bf81      0x145 Core/Src/main.o
 .debug_macro   0x000000000000c0c6      0x2e1 Core/Src/ssd1306.o
 .debug_macro   0x000000000000c3a7       0x40 Core/Src/ssd1306.o
 .debug_macro   0x000000000000c3e7       0x94 Core/Src/ssd1306.o
 .debug_macro   0x000000000000c47b       0x28 Core/Src/ssd1306.o
 .debug_macro   0x000000000000c4a3       0x57 Core/Src/ssd1306.o
 .debug_macro   0x000000000000c4fa      0x1e1 Core/Src/ssd1306.o
 .debug_macro   0x000000000000c6db       0x16 Core/Src/ssd1306.o
 .debug_macro   0x000000000000c6f1       0x16 Core/Src/ssd1306.o
 .debug_macro   0x000000000000c707       0x29 Core/Src/ssd1306.o
 .debug_macro   0x000000000000c730       0x16 Core/Src/ssd1306.o
 .debug_macro   0x000000000000c746       0x20 Core/Src/ssd1306.o
 .debug_macro   0x000000000000c766       0x76 Core/Src/ssd1306_fonts.o
 .debug_macro   0x000000000000c7dc      0xa48 Core/Src/ssd1306_fonts.o
 .debug_macro   0x000000000000d224      0x1c7 Core/Src/stm32f0xx_hal_msp.o
 .debug_macro   0x000000000000d3eb      0x1d1 Core/Src/stm32f0xx_it.o
 .debug_macro   0x000000000000d5bc       0xee Core/Src/sysmem.o
 .debug_macro   0x000000000000d6aa      0x23b Core/Src/sysmem.o
 .debug_macro   0x000000000000d8e5      0x1b8 Core/Src/system_stm32f0xx.o
 .debug_macro   0x000000000000da9d      0x1dc Drivers/STM32F0xx_HAL_Driver/Src/stm32f0xx_hal.o
 .debug_macro   0x000000000000dc79      0x1b8 Drivers/STM32F0xx_HAL_Driver/Src/stm32f0xx_hal_cortex.o
 .debug_macro   0x000000000000de31      0x1b8 Drivers/STM32F0xx_HAL_Driver/Src/stm32f0xx_hal_dma.o
 .debug_macro   0x000000000000dfe9      0x1f0 Drivers/STM32F0xx_HAL_Driver/Src/stm32f0xx_hal_gpio.o
 .debug_macro   0x000000000000e1d9      0x27d Drivers/STM32F0xx_HAL_Driver/Src/stm32f0xx_hal_i2c.o
 .debug_macro   0x000000000000e456      0x1b8 Drivers/STM32F0xx_HAL_Driver/Src/stm32f0xx_hal_i2c_ex.o
 .debug_macro   0x000000000000e60e      0x1ca Drivers/STM32F0xx_HAL_Driver/Src/stm32f0xx_hal_rcc.o
 .debug_macro   0x000000000000e7d8      0x1b8 Drivers/STM32F0xx_HAL_Driver/Src/stm32f0xx_hal_rcc_ex.o
 .debug_macro   0x000000000000e990      0x1b9 Drivers/STM32F0xx_HAL_Driver/Src/stm32f0xx_hal_tim.o
 .debug_macro   0x000000000000eb49      0x1b8 Drivers/STM32F0xx_HAL_Driver/Src/stm32f0xx_hal_tim_ex.o
 .debug_macro   0x000000000000ed01      0x1d5 Drivers/STM32F0xx_HAL_Driver/Src/stm32f0xx_hal_uart.o
 .debug_macro   0x000000000000eed6      0x1b8 Drivers/STM32F0xx_HAL_Driver/Src/stm32f0xx_hal_uart_ex.o

.debug_line     0x0000000000000000     0xc87f
 .debug_line    0x0000000000000000      0xad6 Core/Src/main.o
 .debug_line    0x0000000000000ad6      0xb35 Core/Src/ssd1306.o
 .debug_line    0x000000000000160b      0x3ac Core/Src/ssd1306_fonts.o
 .debug_line    0x00000000000019b7      0x7d7 Core/Src/stm32f0xx_hal_msp.o
 .debug_line    0x000000000000218e      0x789 Core/Src/stm32f0xx_it.o
 .debug_line    0x0000000000002917      0x4c6 Core/Src/sysmem.o
 .debug_line    0x0000000000002ddd      0x6b6 Core/Src/system_stm32f0xx.o
 .debug_line    0x0000000000003493       0x89 Core/Startup/startup_stm32f031k6tx.o
 .debug_line    0x000000000000351c      0x852 Drivers/STM32F0xx_HAL_Driver/Src/stm32f0xx_hal.o
 .debug_line    0x0000000000003d6e      0x86a Drivers/STM32F0xx_HAL_Driver/Src/stm32f0xx_hal_cortex.o
 .debug_line    0x00000000000045d8      0x8b0 Drivers/STM32F0xx_HAL_Driver/Src/stm32f0xx_hal_dma.o
 .debug_line    0x0000000000004e88      0x804 Drivers/STM32F0xx_HAL_Driver/Src/stm32f0xx_hal_gpio.o
 .debug_line    0x000000000000568c     0x1a1f Drivers/STM32F0xx_HAL_Driver/Src/stm32f0xx_hal_i2c.o
 .debug_line    0x00000000000070ab      0x7e0 Drivers/STM32F0xx_HAL_Driver/Src/stm32f0xx_hal_i2c_ex.o
 .debug_line    0x000000000000788b      0x913 Drivers/STM32F0xx_HAL_Driver/Src/stm32f0xx_hal_rcc.o
 .debug_line    0x000000000000819e      0x76d Drivers/STM32F0xx_HAL_Driver/Src/stm32f0xx_hal_rcc_ex.o
 .debug_line    0x000000000000890b     0x1a07 Drivers/STM32F0xx_HAL_Driver/Src/stm32f0xx_hal_tim.o
 .debug_line    0x000000000000a312      0xc99 Drivers/STM32F0xx_HAL_Driver/Src/stm32f0xx_hal_tim_ex.o
 .debug_line    0x000000000000afab     0x113f Drivers/STM32F0xx_HAL_Driver/Src/stm32f0xx_hal_uart.o
 .debug_line    0x000000000000c0ea      0x795 Drivers/STM32F0xx_HAL_Driver/Src/stm32f0xx_hal_uart_ex.o

.debug_str      0x0000000000000000    0x50ba1
 .debug_str     0x0000000000000000    0x4bfc3 Core/Src/main.o
                                      0x4c3d9 (size before relaxing)
 .debug_str     0x000000000004bfc3      0xcef Core/Src/ssd1306.o
                                      0x4b1ca (size before relaxing)
 .debug_str     0x000000000004ccb2      0x12a Core/Src/ssd1306_fonts.o
                                       0x3c40 (size before relaxing)
 .debug_str     0x000000000004cddc      0x10b Core/Src/stm32f0xx_hal_msp.o
                                      0x47bda (size before relaxing)
 .debug_str     0x000000000004cee7      0x107 Core/Src/stm32f0xx_it.o
                                      0x477ab (size before relaxing)
 .debug_str     0x000000000004cfee      0x4f1 Core/Src/sysmem.o
                                       0x5ec6 (size before relaxing)
 .debug_str     0x000000000004d4df       0x5f Core/Src/system_stm32f0xx.o
                                      0x46f3f (size before relaxing)
 .debug_str     0x000000000004d53e       0x36 Core/Startup/startup_stm32f031k6tx.o
                                         0x75 (size before relaxing)
 .debug_str     0x000000000004d574      0x381 Drivers/STM32F0xx_HAL_Driver/Src/stm32f0xx_hal.o
                                      0x47429 (size before relaxing)
 .debug_str     0x000000000004d8f5      0x202 Drivers/STM32F0xx_HAL_Driver/Src/stm32f0xx_hal_cortex.o
                                      0x472dd (size before relaxing)
 .debug_str     0x000000000004daf7      0x248 Drivers/STM32F0xx_HAL_Driver/Src/stm32f0xx_hal_dma.o
                                      0x47317 (size before relaxing)
 .debug_str     0x000000000004dd3f      0x1f2 Drivers/STM32F0xx_HAL_Driver/Src/stm32f0xx_hal_gpio.o
                                      0x471db (size before relaxing)
 .debug_str     0x000000000004df31      0xdec Drivers/STM32F0xx_HAL_Driver/Src/stm32f0xx_hal_i2c.o
                                      0x4819e (size before relaxing)
 .debug_str     0x000000000004ed1d       0xf3 Drivers/STM32F0xx_HAL_Driver/Src/stm32f0xx_hal_i2c_ex.o
                                      0x474dd (size before relaxing)
 .debug_str     0x000000000004ee10      0x249 Drivers/STM32F0xx_HAL_Driver/Src/stm32f0xx_hal_rcc.o
                                      0x47349 (size before relaxing)
 .debug_str     0x000000000004f059       0xb1 Drivers/STM32F0xx_HAL_Driver/Src/stm32f0xx_hal_rcc_ex.o
                                      0x4707b (size before relaxing)
 .debug_str     0x000000000004f10a      0xc2f Drivers/STM32F0xx_HAL_Driver/Src/stm32f0xx_hal_tim.o
                                      0x48138 (size before relaxing)
 .debug_str     0x000000000004fd39      0x52f Drivers/STM32F0xx_HAL_Driver/Src/stm32f0xx_hal_tim_ex.o
                                      0x478ec (size before relaxing)
 .debug_str     0x0000000000050268      0x7d9 Drivers/STM32F0xx_HAL_Driver/Src/stm32f0xx_hal_uart.o
                                      0x47b54 (size before relaxing)
 .debug_str     0x0000000000050a41      0x160 Drivers/STM32F0xx_HAL_Driver/Src/stm32f0xx_hal_uart_ex.o
                                      0x47433 (size before relaxing)

.comment        0x0000000000000000       0x7b
 .comment       0x0000000000000000       0x7b Core/Src/main.o
                                         0x7c (size before relaxing)
 .comment       0x000000000000007b       0x7c Core/Src/ssd1306.o
 .comment       0x000000000000007b       0x7c Core/Src/ssd1306_fonts.o
 .comment       0x000000000000007b       0x7c Core/Src/stm32f0xx_hal_msp.o
 .comment       0x000000000000007b       0x7c Core/Src/stm32f0xx_it.o
 .comment       0x000000000000007b       0x7c Core/Src/sysmem.o
 .comment       0x000000000000007b       0x7c Core/Src/system_stm32f0xx.o
 .comment       0x000000000000007b       0x7c Drivers/STM32F0xx_HAL_Driver/Src/stm32f0xx_hal.o
 .comment       0x000000000000007b       0x7c Drivers/STM32F0xx_HAL_Driver/Src/stm32f0xx_hal_cortex.o
 .comment       0x000000000000007b       0x7c Drivers/STM32F0xx_HAL_Driver/Src/stm32f0xx_hal_dma.o
 .comment       0x000000000000007b       0x7c Drivers/STM32F0xx_HAL_Driver/Src/stm32f0xx_hal_gpio.o
 .comment       0x000000000000007b       0x7c Drivers/STM32F0xx_HAL_Driver/Src/stm32f0xx_hal_i2c.o
 .comment       0x000000000000007b       0x7c Drivers/STM32F0xx_HAL_Driver/Src/stm32f0xx_hal_i2c_ex.o
 .comment       0x000000000000007b       0x7c Drivers/STM32F0xx_HAL_Driver/Src/stm32f0xx_hal_rcc.o
 .comment       0x000000000000007b       0x7c Drivers/STM32F0xx_HAL_Driver/Src/stm32f0xx_hal_rcc_ex.o
 .comment       0x000000000000007b       0x7c Drivers/STM32F0xx_HAL_Driver/Src/stm32f0xx_hal_tim.o
 .comment       0x000000000000007b       0x7c Drivers/STM32F0xx_HAL_Driver/Src/stm32f0xx_hal_tim_ex.o
 .comment       0x000000000000007b       0x7c Drivers/STM32F0xx_HAL_Driver/Src/stm32f0xx_hal_uart.o
 .comment       0x000000000000007b       0x7c Drivers/STM32F0xx_HAL_Driver/Src/stm32f0xx_hal_uart_ex.o

.debug_frame    0x0000000000000000     0x3d00
 .debug_frame   0x0000000000000000      0x234 Core/Src/main.o
 .debug_frame   0x0000000000000234      0x2b8 Core/Src/ssd1306.o
 .debug_frame   0x00000000000004ec      0x150 Core/Src/stm32f0xx_hal_msp.o
 .debug_frame   0x000000000000063c      0x17c Core/Src/stm32f0xx_it.o
 .debug_frame   0x00000000000007b8       0x28 Core/Src/sysmem.o
 .debug_frame   0x00000000000007e0       0x4c Core/Src/system_stm32f0xx.o
 .debug_frame   0x000000000000082c      0x2a4 Drivers/STM32F0xx_HAL_Driver/Src/stm32f0xx_hal.o
 .debug_frame   0x0000000000000ad0      0x2a0 Drivers/STM32F0xx_HAL_Driver/Src/stm32f0xx_hal_cortex.o
 .debug_frame   0x0000000000000d70      0x1d0 Drivers/STM32F0xx_HAL_Driver/Src/stm32f0xx_hal_dma.o
 .debug_frame   0x0000000000000f40      0x110 Drivers/STM32F0xx_HAL_Driver/Src/stm32f0xx_hal_gpio.o
 .debug_frame   0x0000000000001050      0xa00 Drivers/STM32F0xx_HAL_Driver/Src/stm32f0xx_hal_i2c.o
 .debug_frame   0x0000000000001a50       0xd0 Drivers/STM32F0xx_HAL_Driver/Src/stm32f0xx_hal_i2c_ex.o
 .debug_frame   0x0000000000001b20      0x198 Drivers/STM32F0xx_HAL_Driver/Src/stm32f0xx_hal_rcc.o
 .debug_frame   0x0000000000001cb8       0x70 Drivers/STM32F0xx_HAL_Driver/Src/stm32f0xx_hal_rcc_ex.o
 .debug_frame   0x0000000000001d28      0xe90 Drivers/STM32F0xx_HAL_Driver/Src/stm32f0xx_hal_tim.o
 .debug_frame   0x0000000000002bb8      0x4f0 Drivers/STM32F0xx_HAL_Driver/Src/stm32f0xx_hal_tim_ex.o
 .debug_frame   0x00000000000030a8      0x7f0 Drivers/STM32F0xx_HAL_Driver/Src/stm32f0xx_hal_uart.o
 .debug_frame   0x0000000000003898       0xf0 Drivers/STM32F0xx_HAL_Driver/Src/stm32f0xx_hal_uart_ex.o
 .debug_frame   0x0000000000003988       0x20 c:/st/stm32cubeide_1.4.0/stm32cubeide/plugins/com.st.stm32cube.ide.mcu.externaltools.gnu-tools-for-stm32.7-2018-q2-update.win32_1.4.0.202007081208/tools/bin/../lib/gcc/arm-none-eabi/7.3.1/../../../../arm-none-eabi/lib/thumb/v6-m\libc_nano.a(lib_a-errno.o)
 .debug_frame   0x00000000000039a8       0x2c c:/st/stm32cubeide_1.4.0/stm32cubeide/plugins/com.st.stm32cube.ide.mcu.externaltools.gnu-tools-for-stm32.7-2018-q2-update.win32_1.4.0.202007081208/tools/bin/../lib/gcc/arm-none-eabi/7.3.1/../../../../arm-none-eabi/lib/thumb/v6-m\libc_nano.a(lib_a-init.o)
 .debug_frame   0x00000000000039d4       0x28 c:/st/stm32cubeide_1.4.0/stm32cubeide/plugins/com.st.stm32cube.ide.mcu.externaltools.gnu-tools-for-stm32.7-2018-q2-update.win32_1.4.0.202007081208/tools/bin/../lib/gcc/arm-none-eabi/7.3.1/../../../../arm-none-eabi/lib/thumb/v6-m\libc_nano.a(lib_a-memcpy-stub.o)
 .debug_frame   0x00000000000039fc       0x20 c:/st/stm32cubeide_1.4.0/stm32cubeide/plugins/com.st.stm32cube.ide.mcu.externaltools.gnu-tools-for-stm32.7-2018-q2-update.win32_1.4.0.202007081208/tools/bin/../lib/gcc/arm-none-eabi/7.3.1/../../../../arm-none-eabi/lib/thumb/v6-m\libc_nano.a(lib_a-memset.o)
 .debug_frame   0x0000000000003a1c       0x48 c:/st/stm32cubeide_1.4.0/stm32cubeide/plugins/com.st.stm32cube.ide.mcu.externaltools.gnu-tools-for-stm32.7-2018-q2-update.win32_1.4.0.202007081208/tools/bin/../lib/gcc/arm-none-eabi/7.3.1/../../../../arm-none-eabi/lib/thumb/v6-m\libc_nano.a(lib_a-sprintf.o)
 .debug_frame   0x0000000000003a64       0x74 c:/st/stm32cubeide_1.4.0/stm32cubeide/plugins/com.st.stm32cube.ide.mcu.externaltools.gnu-tools-for-stm32.7-2018-q2-update.win32_1.4.0.202007081208/tools/bin/../lib/gcc/arm-none-eabi/7.3.1/../../../../arm-none-eabi/lib/thumb/v6-m\libc_nano.a(lib_a-nano-svfprintf.o)
 .debug_frame   0x0000000000003ad8       0x54 c:/st/stm32cubeide_1.4.0/stm32cubeide/plugins/com.st.stm32cube.ide.mcu.externaltools.gnu-tools-for-stm32.7-2018-q2-update.win32_1.4.0.202007081208/tools/bin/../lib/gcc/arm-none-eabi/7.3.1/../../../../arm-none-eabi/lib/thumb/v6-m\libc_nano.a(lib_a-nano-vfprintf_i.o)
 .debug_frame   0x0000000000003b2c       0x20 c:/st/stm32cubeide_1.4.0/stm32cubeide/plugins/com.st.stm32cube.ide.mcu.externaltools.gnu-tools-for-stm32.7-2018-q2-update.win32_1.4.0.202007081208/tools/bin/../lib/gcc/arm-none-eabi/7.3.1/../../../../arm-none-eabi/lib/thumb/v6-m\libc_nano.a(lib_a-memchr-stub.o)
 .debug_frame   0x0000000000003b4c       0x28 c:/st/stm32cubeide_1.4.0/stm32cubeide/plugins/com.st.stm32cube.ide.mcu.externaltools.gnu-tools-for-stm32.7-2018-q2-update.win32_1.4.0.202007081208/tools/bin/../lib/gcc/arm-none-eabi/7.3.1/../../../../arm-none-eabi/lib/thumb/v6-m\libc_nano.a(lib_a-memmove.o)
 .debug_frame   0x0000000000003b74       0x2c c:/st/stm32cubeide_1.4.0/stm32cubeide/plugins/com.st.stm32cube.ide.mcu.externaltools.gnu-tools-for-stm32.7-2018-q2-update.win32_1.4.0.202007081208/tools/bin/../lib/gcc/arm-none-eabi/7.3.1/../../../../arm-none-eabi/lib/thumb/v6-m\libc_nano.a(lib_a-nano-freer.o)
 .debug_frame   0x0000000000003ba0       0x2c c:/st/stm32cubeide_1.4.0/stm32cubeide/plugins/com.st.stm32cube.ide.mcu.externaltools.gnu-tools-for-stm32.7-2018-q2-update.win32_1.4.0.202007081208/tools/bin/../lib/gcc/arm-none-eabi/7.3.1/../../../../arm-none-eabi/lib/thumb/v6-m\libc_nano.a(lib_a-nano-mallocr.o)
 .debug_frame   0x0000000000003bcc       0x30 c:/st/stm32cubeide_1.4.0/stm32cubeide/plugins/com.st.stm32cube.ide.mcu.externaltools.gnu-tools-for-stm32.7-2018-q2-update.win32_1.4.0.202007081208/tools/bin/../lib/gcc/arm-none-eabi/7.3.1/../../../../arm-none-eabi/lib/thumb/v6-m\libc_nano.a(lib_a-nano-reallocr.o)
 .debug_frame   0x0000000000003bfc       0x2c c:/st/stm32cubeide_1.4.0/stm32cubeide/plugins/com.st.stm32cube.ide.mcu.externaltools.gnu-tools-for-stm32.7-2018-q2-update.win32_1.4.0.202007081208/tools/bin/../lib/gcc/arm-none-eabi/7.3.1/../../../../arm-none-eabi/lib/thumb/v6-m\libc_nano.a(lib_a-sbrkr.o)
 .debug_frame   0x0000000000003c28       0x30 c:/st/stm32cubeide_1.4.0/stm32cubeide/plugins/com.st.stm32cube.ide.mcu.externaltools.gnu-tools-for-stm32.7-2018-q2-update.win32_1.4.0.202007081208/tools/bin/../lib/gcc/arm-none-eabi/7.3.1/../../../../arm-none-eabi/lib/thumb/v6-m\libc_nano.a(lib_a-mlock.o)
 .debug_frame   0x0000000000003c58       0x20 c:/st/stm32cubeide_1.4.0/stm32cubeide/plugins/com.st.stm32cube.ide.mcu.externaltools.gnu-tools-for-stm32.7-2018-q2-update.win32_1.4.0.202007081208/tools/bin/../lib/gcc/arm-none-eabi/7.3.1/../../../../arm-none-eabi/lib/thumb/v6-m\libc_nano.a(lib_a-nano-msizer.o)
 .debug_frame   0x0000000000003c78       0x48 c:/st/stm32cubeide_1.4.0/stm32cubeide/plugins/com.st.stm32cube.ide.mcu.externaltools.gnu-tools-for-stm32.7-2018-q2-update.win32_1.4.0.202007081208/tools/bin/../lib/gcc/arm-none-eabi/7.3.1/../../../../arm-none-eabi/lib/thumb/v6-m\libc_nano.a(lib_a-reent.o)
 .debug_frame   0x0000000000003cc0       0x20 c:/st/stm32cubeide_1.4.0/stm32cubeide/plugins/com.st.stm32cube.ide.mcu.externaltools.gnu-tools-for-stm32.7-2018-q2-update.win32_1.4.0.202007081208/tools/bin/../lib/gcc/arm-none-eabi/7.3.1/thumb/v6-m\libgcc.a(_udivsi3.o)
 .debug_frame   0x0000000000003ce0       0x20 c:/st/stm32cubeide_1.4.0/stm32cubeide/plugins/com.st.stm32cube.ide.mcu.externaltools.gnu-tools-for-stm32.7-2018-q2-update.win32_1.4.0.202007081208/tools/bin/../lib/gcc/arm-none-eabi/7.3.1/thumb/v6-m\libgcc.a(_divsi3.o)

.debug_loc      0x0000000000000000       0x81
 .debug_loc     0x0000000000000000       0x81 Core/Src/sysmem.o
