main.c:102:7:send_string	16	static
main.c:108:7:print_Encoder	16	static
main.c:117:14:printData_LCD	16	static
main.c:136:14:printData_LCD_rotary	16	static
main.c:153:14:print_RAW	16	static
main.c:165:5:main	8	static
main.c:282:6:SystemClock_Config	96	static
main.c:327:13:MX_NVIC_Init	8	static
main.c:354:13:MX_I2C1_Init	8	static
main.c:403:13:MX_TIM1_Init	72	static
main.c:478:13:MX_TIM2_Init	64	static
main.c:527:13:MX_TIM3_Init	40	static
main.c:574:13:MX_TIM14_Init	40	static
main.c:620:13:MX_TIM16_Init	8	static
main.c:652:13:MX_TIM17_Init	8	static
main.c:684:13:MX_USART1_UART_Init	8	static
main.c:717:13:MX_DMA_Init	16	static
main.c:735:13:MX_GPIO_Init	48	static
main.c:779:6:Error_Handler	8	static
