main.c:101:7:send_string	16	static
main.c:107:7:print_Encoder	16	static
main.c:116:14:printData_LCD	16	static
main.c:135:14:print_RAW	16	static
main.c:147:5:main	8	static
main.c:275:6:SystemClock_Config	96	static
main.c:320:13:MX_NVIC_Init	8	static
main.c:347:13:MX_I2C1_Init	8	static
main.c:396:13:MX_TIM1_Init	72	static
main.c:471:13:MX_TIM2_Init	64	static
main.c:520:13:MX_TIM3_Init	40	static
main.c:567:13:MX_TIM14_Init	40	static
main.c:613:13:MX_TIM16_Init	8	static
main.c:645:13:MX_TIM17_Init	8	static
main.c:677:13:MX_USART1_UART_Init	8	static
main.c:710:13:MX_DMA_Init	16	static
main.c:728:13:MX_GPIO_Init	48	static
main.c:772:6:Error_Handler	8	static
