stm32f0xx_it.c:81:6:NMI_Handler	8	static
stm32f0xx_it.c:94:6:HardFault_Handler	8	static
stm32f0xx_it.c:109:6:SVC_Handler	8	static
stm32f0xx_it.c:122:6:PendSV_Handler	8	static
stm32f0xx_it.c:135:6:SysTick_Handler	8	static
stm32f0xx_it.c:156:6:EXTI4_15_IRQHandler	8	static
stm32f0xx_it.c:180:6:DMA1_Channel2_3_IRQHandler	8	static
stm32f0xx_it.c:195:6:TIM1_BRK_UP_TRG_COM_IRQHandler	8	static
stm32f0xx_it.c:208:6:TIM1_CC_IRQHandler	8	static
stm32f0xx_it.c:222:6:TIM3_IRQHandler	8	static
stm32f0xx_it.c:243:6:TIM16_IRQHandler	8	static
stm32f0xx_it.c:263:6:TIM17_IRQHandler	8	static
stm32f0xx_it.c:277:6:USART1_IRQHandler	8	static
