stm32f0xx_it.c:80:6:NMI_Handler	8	static
stm32f0xx_it.c:93:6:HardFault_Handler	8	static
stm32f0xx_it.c:108:6:SVC_Handler	8	static
stm32f0xx_it.c:121:6:PendSV_Handler	8	static
stm32f0xx_it.c:134:6:SysTick_Handler	8	static
stm32f0xx_it.c:155:6:EXTI4_15_IRQHandler	8	static
stm32f0xx_it.c:179:6:DMA1_Channel2_3_IRQHandler	8	static
stm32f0xx_it.c:194:6:TIM1_BRK_UP_TRG_COM_IRQHandler	8	static
stm32f0xx_it.c:207:6:TIM1_CC_IRQHandler	8	static
stm32f0xx_it.c:221:6:TIM3_IRQHandler	8	static
stm32f0xx_it.c:242:6:TIM16_IRQHandler	8	static
stm32f0xx_it.c:261:6:TIM17_IRQHandler	8	static
stm32f0xx_it.c:275:6:USART1_IRQHandler	8	static
